/Users/laurenachen/CMPM118/TC_Energy/TC_Energy_Metrics/Core/Src/main.c:64:5:transition_count	3
/Users/laurenachen/CMPM118/TC_Energy/TC_Energy_Metrics/Core/Src/main.c:72:6:cdc_print	1
/Users/laurenachen/CMPM118/TC_Energy/TC_Energy_Metrics/Core/Src/main.c:82:5:main	6
/Users/laurenachen/CMPM118/TC_Energy/TC_Energy_Metrics/Core/Src/main.c:158:6:SystemClock_Config	3
/Users/laurenachen/CMPM118/TC_Energy/TC_Energy_Metrics/Core/Src/main.c:204:13:MX_GPIO_Init	1
/Users/laurenachen/CMPM118/TC_Energy/TC_Energy_Metrics/Core/Src/main.c:227:6:Error_Handler	1
