Archive member included to satisfy reference by file (symbol)

/Users/laurenachen/Library/Application Support/stm32cube/bundles/gnu-tools-for-stm32/14.3.1+st.2/bin/../lib/gcc/arm-none-eabi/14.3.1/thumb/v7e-m+fp/hard/libgcc.a(_aeabi_uldivmod.o)
                              CMakeFiles/TC_Energy_Metrics.dir/Drivers/STM32F4xx_HAL_Driver/Src/stm32f4xx_hal_rcc.c.obj (__aeabi_uldivmod)
/Users/laurenachen/Library/Application Support/stm32cube/bundles/gnu-tools-for-stm32/14.3.1+st.2/bin/../lib/gcc/arm-none-eabi/14.3.1/thumb/v7e-m+fp/hard/libgcc.a(_udivmoddi4.o)
                              /Users/laurenachen/Library/Application Support/stm32cube/bundles/gnu-tools-for-stm32/14.3.1+st.2/bin/../lib/gcc/arm-none-eabi/14.3.1/thumb/v7e-m+fp/hard/libgcc.a(_aeabi_uldivmod.o) (__udivmoddi4)
/Users/laurenachen/Library/Application Support/stm32cube/bundles/gnu-tools-for-stm32/14.3.1+st.2/bin/../lib/gcc/arm-none-eabi/14.3.1/thumb/v7e-m+fp/hard/libgcc.a(_dvmd_tls.o)
                              /Users/laurenachen/Library/Application Support/stm32cube/bundles/gnu-tools-for-stm32/14.3.1+st.2/bin/../lib/gcc/arm-none-eabi/14.3.1/thumb/v7e-m+fp/hard/libgcc.a(_aeabi_uldivmod.o) (__aeabi_ldiv0)
/Users/laurenachen/Library/Application Support/stm32cube/bundles/gnu-tools-for-stm32/14.3.1+st.2/bin/../lib/gcc/arm-none-eabi/14.3.1/../../../../arm-none-eabi/lib/thumb/v7e-m+fp/hard/libc_nano.a(libc_a-exit.o)
                              /Users/laurenachen/Library/Application Support/stm32cube/bundles/gnu-tools-for-stm32/14.3.1+st.2/bin/../lib/gcc/arm-none-eabi/14.3.1/../../../../arm-none-eabi/lib/thumb/v7e-m+fp/hard/crt0.o (exit)
/Users/laurenachen/Library/Application Support/stm32cube/bundles/gnu-tools-for-stm32/14.3.1+st.2/bin/../lib/gcc/arm-none-eabi/14.3.1/../../../../arm-none-eabi/lib/thumb/v7e-m+fp/hard/libc_nano.a(libc_a-malloc.o)
                              CMakeFiles/TC_Energy_Metrics.dir/Core/Src/main.c.obj (malloc)
/Users/laurenachen/Library/Application Support/stm32cube/bundles/gnu-tools-for-stm32/14.3.1+st.2/bin/../lib/gcc/arm-none-eabi/14.3.1/../../../../arm-none-eabi/lib/thumb/v7e-m+fp/hard/libc_nano.a(libc_a-mallocr.o)
                              /Users/laurenachen/Library/Application Support/stm32cube/bundles/gnu-tools-for-stm32/14.3.1+st.2/bin/../lib/gcc/arm-none-eabi/14.3.1/../../../../arm-none-eabi/lib/thumb/v7e-m+fp/hard/libc_nano.a(libc_a-malloc.o) (_malloc_r)
/Users/laurenachen/Library/Application Support/stm32cube/bundles/gnu-tools-for-stm32/14.3.1+st.2/bin/../lib/gcc/arm-none-eabi/14.3.1/../../../../arm-none-eabi/lib/thumb/v7e-m+fp/hard/libc_nano.a(libc_a-snprintf.o)
                              CMakeFiles/TC_Energy_Metrics.dir/Core/Src/main.c.obj (snprintf)
/Users/laurenachen/Library/Application Support/stm32cube/bundles/gnu-tools-for-stm32/14.3.1+st.2/bin/../lib/gcc/arm-none-eabi/14.3.1/../../../../arm-none-eabi/lib/thumb/v7e-m+fp/hard/libc_nano.a(libc_a-mlock.o)
                              /Users/laurenachen/Library/Application Support/stm32cube/bundles/gnu-tools-for-stm32/14.3.1+st.2/bin/../lib/gcc/arm-none-eabi/14.3.1/../../../../arm-none-eabi/lib/thumb/v7e-m+fp/hard/libc_nano.a(libc_a-mallocr.o) (__malloc_lock)
/Users/laurenachen/Library/Application Support/stm32cube/bundles/gnu-tools-for-stm32/14.3.1+st.2/bin/../lib/gcc/arm-none-eabi/14.3.1/../../../../arm-none-eabi/lib/thumb/v7e-m+fp/hard/libc_nano.a(libc_a-findfp.o)
                              /Users/laurenachen/Library/Application Support/stm32cube/bundles/gnu-tools-for-stm32/14.3.1+st.2/bin/../lib/gcc/arm-none-eabi/14.3.1/../../../../arm-none-eabi/lib/thumb/v7e-m+fp/hard/libc_nano.a(libc_a-exit.o) (__stdio_exit_handler)
/Users/laurenachen/Library/Application Support/stm32cube/bundles/gnu-tools-for-stm32/14.3.1+st.2/bin/../lib/gcc/arm-none-eabi/14.3.1/../../../../arm-none-eabi/lib/thumb/v7e-m+fp/hard/libc_nano.a(libc_a-fwalk.o)
                              /Users/laurenachen/Library/Application Support/stm32cube/bundles/gnu-tools-for-stm32/14.3.1+st.2/bin/../lib/gcc/arm-none-eabi/14.3.1/../../../../arm-none-eabi/lib/thumb/v7e-m+fp/hard/libc_nano.a(libc_a-findfp.o) (_fwalk_sglue)
/Users/laurenachen/Library/Application Support/stm32cube/bundles/gnu-tools-for-stm32/14.3.1+st.2/bin/../lib/gcc/arm-none-eabi/14.3.1/../../../../arm-none-eabi/lib/thumb/v7e-m+fp/hard/libc_nano.a(libc_a-memset.o)
                              /Users/laurenachen/Library/Application Support/stm32cube/bundles/gnu-tools-for-stm32/14.3.1+st.2/bin/../lib/gcc/arm-none-eabi/14.3.1/../../../../arm-none-eabi/lib/thumb/v7e-m+fp/hard/crt0.o (memset)
/Users/laurenachen/Library/Application Support/stm32cube/bundles/gnu-tools-for-stm32/14.3.1+st.2/bin/../lib/gcc/arm-none-eabi/14.3.1/../../../../arm-none-eabi/lib/thumb/v7e-m+fp/hard/libc_nano.a(libc_a-sbrkr.o)
[...]
Memory Configuration

Name             Origin             Length             Attributes
RAM              0x20000000         0x00020000         xrw
FLASH            0x08000000         0x00080000         xr
*default*        0x00000000         0xffffffff

Linker script and memory map

LOAD /Users/laurenachen/Library/Application Support/stm32cube/bundles/gnu-tools-for-stm32/14.3.1+st.2/bin/../lib/gcc/arm-none-eabi/14.3.1/thumb/v7e-m+fp/hard/crti.o
LOAD /Users/laurenachen/Library/Application Support/stm32cube/bundles/gnu-tools-for-stm32/14.3.1+st.2/bin/../lib/gcc/arm-none-eabi/14.3.1/thumb/v7e-m+fp/hard/crtbegin.o
LOAD /Users/laurenachen/Library/Application Support/stm32cube/bundles/gnu-tools-for-stm32/14.3.1+st.2/bin/../lib/gcc/arm-none-eabi/14.3.1/../../../../arm-none-eabi/lib/thumb/v7e-m+fp/hard/crt0.o
LOAD CMakeFiles/TC_Energy_Metrics.dir/Core/Src/main.c.obj
LOAD CMakeFiles/TC_Energy_Metrics.dir/Core/Src/stm32f4xx_hal_msp.c.obj
LOAD CMakeFiles/TC_Energy_Metrics.dir/Core/Src/stm32f4xx_it.c.obj
LOAD CMakeFiles/TC_Energy_Metrics.dir/Core/Src/syscalls.c.obj
LOAD CMakeFiles/TC_Energy_Metrics.dir/Core/Src/sysmem.c.obj
LOAD CMakeFiles/TC_Energy_Metrics.dir/Core/Src/system_stm32f4xx.c.obj
LOAD CMakeFiles/TC_Energy_Metrics.dir/Core/Startup/startup_stm32f411ceux.s.obj
LOAD CMakeFiles/TC_Energy_Metrics.dir/Drivers/STM32F4xx_HAL_Driver/Src/stm32f4xx_hal.c.obj
LOAD CMakeFiles/TC_Energy_Metrics.dir/Drivers/STM32F4xx_HAL_Driver/Src/stm32f4xx_hal_cortex.c.obj
LOAD CMakeFiles/TC_Energy_Metrics.dir/Drivers/STM32F4xx_HAL_Driver/Src/stm32f4xx_hal_dma.c.obj
LOAD CMakeFiles/TC_Energy_Metrics.dir/Drivers/STM32F4xx_HAL_Driver/Src/stm32f4xx_hal_dma_ex.c.obj
LOAD CMakeFiles/TC_Energy_Metrics.dir/Drivers/STM32F4xx_HAL_Driver/Src/stm32f4xx_hal_exti.c.obj
LOAD CMakeFiles/TC_Energy_Metrics.dir/Drivers/STM32F4xx_HAL_Driver/Src/stm32f4xx_hal_flash.c.obj
LOAD CMakeFiles/TC_Energy_Metrics.dir/Drivers/STM32F4xx_HAL_Driver/Src/stm32f4xx_hal_flash_ex.c.obj
LOAD CMakeFiles/TC_Energy_Metrics.dir/Drivers/STM32F4xx_HAL_Driver/Src/stm32f4xx_hal_flash_ramfunc.c.obj
LOAD CMakeFiles/TC_Energy_Metrics.dir/Drivers/STM32F4xx_HAL_Driver/Src/stm32f4xx_hal_gpio.c.obj
LOAD CMakeFiles/TC_Energy_Metrics.dir/Drivers/STM32F4xx_HAL_Driver/Src/stm32f4xx_hal_pcd.c.obj
LOAD CMakeFiles/TC_Energy_Metrics.dir/Drivers/STM32F4xx_HAL_Driver/Src/stm32f4xx_hal_pcd_ex.c.obj
LOAD CMakeFiles/TC_Energy_Metrics.dir/Drivers/STM32F4xx_HAL_Driver/Src/stm32f4xx_hal_pwr.c.obj
LOAD CMakeFiles/TC_Energy_Metrics.dir/Drivers/STM32F4xx_HAL_Driver/Src/stm32f4xx_hal_pwr_ex.c.obj
LOAD CMakeFiles/TC_Energy_Metrics.dir/Drivers/STM32F4xx_HAL_Driver/Src/stm32f4xx_hal_rcc.c.obj
LOAD CMakeFiles/TC_Energy_Metrics.dir/Drivers/STM32F4xx_HAL_Driver/Src/stm32f4xx_hal_rcc_ex.c.obj
LOAD CMakeFiles/TC_Energy_Metrics.dir/Drivers/STM32F4xx_HAL_Driver/Src/stm32f4xx_ll_usb.c.obj
LOAD CMakeFiles/TC_Energy_Metrics.dir/Middlewares/ST/STM32_USB_Device_Library/Class/CDC/Src/usbd_cdc.c.obj
LOAD CMakeFiles/TC_Energy_Metrics.dir/Middlewares/ST/STM32_USB_Device_Library/Core/Src/usbd_core.c.obj
LOAD CMakeFiles/TC_Energy_Metrics.dir/Middlewares/ST/STM32_USB_Device_Library/Core/Src/usbd_ctlreq.c.obj
LOAD CMakeFiles/TC_Energy_Metrics.dir/Middlewares/ST/STM32_USB_Device_Library/Core/Src/usbd_ioreq.c.obj
LOAD CMakeFiles/TC_Energy_Metrics.dir/USB_DEVICE/App/usb_device.c.obj
LOAD CMakeFiles/TC_Energy_Metrics.dir/USB_DEVICE/App/usbd_cdc_if.c.obj
LOAD CMakeFiles/TC_Energy_Metrics.dir/USB_DEVICE/App/usbd_desc.c.obj
LOAD CMakeFiles/TC_Energy_Metrics.dir/USB_DEVICE/Target/usbd_conf.c.obj
START GROUP
LOAD /Users/laurenachen/Library/Application Support/stm32cube/bundles/gnu-tools-for-stm32/14.3.1+st.2/bin/../lib/gcc/arm-none-eabi/14.3.1/thumb/v7e-m+fp/hard/libgcc.a
LOAD /Users/laurenachen/Library/Application Support/stm32cube/bundles/gnu-tools-for-stm32/14.3.1+st.2/bin/../lib/gcc/arm-none-eabi/14.3.1/../../../../arm-none-eabi/lib/thumb/v7e-m+fp/hard/libc_nano.a
END GROUP
START GROUP
LOAD /Users/laurenachen/Library/Application Support/stm32cube/bundles/gnu-tools-for-stm32/14.3.1+st.2/bin/../lib/gcc/arm-none-eabi/14.3.1/thumb/v7e-m+fp/hard/libgcc.a
LOAD /Users/laurenachen/Library/Application Support/stm32cube/bundles/gnu-tools-for-stm32/14.3.1+st.2/bin/../lib/gcc/arm-none-eabi/14.3.1/../../../../arm-none-eabi/lib/thumb/v7e-m+fp/hard/libc_nano.a
LOAD /Users/laurenachen/Library/Application Support/stm32cube/bundles/gnu-tools-for-stm32/14.3.1+st.2/bin/../lib/gcc/arm-none-eabi/14.3.1/../../../../arm-none-eabi/lib/thumb/v7e-m+fp/hard/libnosys.a
END GROUP
START GROUP
LOAD /Users/laurenachen/Library/Application Support/stm32cube/bundles/gnu-tools-for-stm32/14.3.1+st.2/bin/../lib/gcc/arm-none-eabi/14.3.1/thumb/v7e-m+fp/hard/libgcc.a
LOAD /Users/laurenachen/Library/Application Support/stm32cube/bundles/gnu-tools-for-stm32/14.3.1+st.2/bin/../lib/gcc/arm-none-eabi/14.3.1/../../../../arm-none-eabi/lib/thumb/v7e-m+fp/hard/libc_nano.a
LOAD /Users/laurenachen/Library/Application Support/stm32cube/bundles/gnu-tools-for-stm32/14.3.1+st.2/bin/../lib/gcc/arm-none-eabi/14.3.1/../../../../arm-none-eabi/lib/thumb/v7e-m+fp/hard/libnosys.a
END GROUP
LOAD /Users/laurenachen/Library/Application Support/stm32cube/bundles/gnu-tools-for-stm32/14.3.1+st.2/bin/../lib/gcc/arm-none-eabi/14.3.1/thumb/v7e-m+fp/hard/crtend.o
LOAD /Users/laurenachen/Library/Application Support/stm32cube/bundles/gnu-tools-for-stm32/14.3.1+st.2/bin/../lib/gcc/arm-none-eabi/14.3.1/thumb/v7e-m+fp/hard/crtn.o
                0x20020000                        _estack = (ORIGIN (RAM) + LENGTH (RAM))
                0x00000200                        _Min_Heap_Size = 0x200
                0x00000400                        _Min_Stack_Size = 0x400

.isr_vector     0x08000000      0x198
                0x08000000                        . = ALIGN (0x4)
 *(.isr_vector)
 .isr_vector    0x08000000      0x198 CMakeFiles/TC_Energy_Metrics.dir/Core/Startup/startup_stm32f411ceux.s.obj
                0x08000000                g_pfnVectors
                0x08000198                        . = ALIGN (0x4)

.text           0x080001a0     0x7764
                0x080001a0                        . = ALIGN (0x4)
 *(.text)
 .text          0x080001a0       0x40 /Users/laurenachen/Library/Application Support/stm32cube/bundles/gnu-tools-for-stm32/14.3.1+st.2/bin/../lib/gcc/arm-none-eabi/14.3.1/thumb/v7e-m+fp/hard/crtbegin.o
 .text          0x080001e0       0x30 /Users/laurenachen/Library/Application Support/stm32cube/bundles/gnu-tools-for-stm32/14.3.1+st.2/bin/../lib/gcc/arm-none-eabi/14.3.1/thumb/v7e-m+fp/hard/libgcc.a(_aeabi_uldivmod.o)
                0x080001e0                __aeabi_uldivmod
 .text          0x08000210      0x2f8 /Users/laurenachen/Library/Application Support/stm32cube/bundles/gnu-tools-for-stm32/14.3.1+st.2/bin/../lib/gcc/arm-none-eabi/14.3.1/thumb/v7e-m+fp/hard/libgcc.a(_udivmoddi4.o)
                0x08000210                __udivmoddi4
 .text          0x08000508        0x4 /Users/laurenachen/Library/Application Support/stm32cube/bundles/gnu-tools-for-stm32/14.3.1+st.2/bin/../lib/gcc/arm-none-eabi/14.3.1/thumb/v7e-m+fp/hard/libgcc.a(_dvmd_tls.o)
                0x08000508                __aeabi_ldiv0
                0x08000508                __aeabi_idiv0
 .text          0x0800050c       0x14 /Users/laurenachen/Library/Application Support/stm32cube/bundles/gnu-tools-for-stm32/14.3.1+st.2/bin/../lib/gcc/arm-none-eabi/14.3.1/../../../../arm-none-eabi/lib/thumb/v7e-m+fp/hard/libc_nano.a(libc_a-strcmp.o)
                0x0800050c                strcmp
 .text          0x08000520       0x10 /Users/laurenachen/Library/Application Support/stm32cube/bundles/gnu-tools-for-stm32/14.3.1+st.2/bin/../lib/gcc/arm-none-eabi/14.3.1/../../../../arm-none-eabi/lib/thumb/v7e-m+fp/hard/libc_nano.a(libc_a-strlen.o)
                0x08000520                strlen
 .text          0x08000530       0xa0 /Users/laurenachen/Library/Application Support/stm32cube/bundles/gnu-tools-for-stm32/14.3.1+st.2/bin/../lib/gcc/arm-none-eabi/14.3.1/../../../../arm-none-eabi/lib/thumb/v7e-m+fp/hard/libc_nano.a(libc_a-memchr.o)
                0x08000530                memchr
 *(.text*)
 .text.transition_count
                0x080005d0       0x54 CMakeFiles/TC_Energy_Metrics.dir/Core/Src/main.c.obj
                0x080005d0                transition_count
 .text.cdc_print
                0x08000624       0x28 CMakeFiles/TC_Energy_Metrics.dir/Core/Src/main.c.obj
                0x08000624                cdc_print
 .text.main     0x0800064c      0x1b4 CMakeFiles/TC_Energy_Metrics.dir/Core/Src/main.c.obj
                0x0800064c                main
 .text.SystemClock_Config
                0x08000800       0xd0 CMakeFiles/TC_Energy_Metrics.dir/Core/Src/main.c.obj
                0x08000800                SystemClock_Config
 .text.MX_GPIO_Init
                0x080008d0       0x50 CMakeFiles/TC_Energy_Metrics.dir/Core/Src/main.c.obj
 .text.Error_Handler
                0x08000920        0xc CMakeFiles/TC_Energy_Metrics.dir/Core/Src/main.c.obj
                0x08000920                Error_Handler
 .text.HAL_MspInit
                0x0800092c       0x50 CMakeFiles/TC_Energy_Metrics.dir/Core/Src/stm32f4xx_hal_msp.c.obj
                0x0800092c                HAL_MspInit
 .text.NMI_Handler
                0x0800097c        0x8 CMakeFiles/TC_Energy_Metrics.dir/Core/Src/stm32f4xx_it.c.obj
                0x0800097c                NMI_Handler
 .text.HardFault_Handler
                0x08000984        0x8 CMakeFiles/TC_Energy_Metrics.dir/Core/Src/stm32f4xx_it.c.obj
                0x08000984                HardFault_Handler
 .text.MemManage_Handler
                0x0800098c        0x8 CMakeFiles/TC_Energy_Metrics.dir/Core/Src/stm32f4xx_it.c.obj
                0x0800098c                MemManage_Handler
 .text.BusFault_Handler
                0x08000994        0x8 CMakeFiles/TC_Energy_Metrics.dir/Core/Src/stm32f4xx_it.c.obj
                0x08000994                BusFault_Handler
 .text.UsageFault_Handler
                0x0800099c        0x8 CMakeFiles/TC_Energy_Metrics.dir/Core/Src/stm32f4xx_it.c.obj
                0x0800099c                UsageFault_Handler
 .text.SVC_Handler
                0x080009a4        0xe CMakeFiles/TC_Energy_Metrics.dir/Core/Src/stm32f4xx_it.c.obj
                0x080009a4                SVC_Handler
 .text.DebugMon_Handler
                0x080009b2        0xe CMakeFiles/TC_Energy_Metrics.dir/Core/Src/stm32f4xx_it.c.obj
                0x080009b2                DebugMon_Handler
 .text.PendSV_Handler
                0x080009c0        0xe CMakeFiles/TC_Energy_Metrics.dir/Core/Src/stm32f4xx_it.c.obj
                0x080009c0                PendSV_Handler
 .text.SysTick_Handler
                0x080009ce        0xc CMakeFiles/TC_Energy_Metrics.dir/Core/Src/stm32f4xx_it.c.obj
                0x080009ce                SysTick_Handler
 *fill*         0x080009da        0x2 
 .text.OTG_FS_IRQHandler
                0x080009dc       0x14 CMakeFiles/TC_Energy_Metrics.dir/Core/Src/stm32f4xx_it.c.obj
                0x080009dc                OTG_FS_IRQHandler
 .text._sbrk    0x080009f0       0x6c CMakeFiles/TC_Energy_Metrics.dir/Core/Src/sysmem.c.obj
                0x080009f0                _sbrk
 .text.SystemInit
                0x08000a5c       0x24 CMakeFiles/TC_Energy_Metrics.dir/Core/Src/system_stm32f4xx.c.obj
                0x08000a5c                SystemInit
 .text.Reset_Handler
                0x08000a80       0x50 CMakeFiles/TC_Energy_Metrics.dir/Core/Startup/startup_stm32f411ceux.s.obj
                0x08000a80                Reset_Handler
 .text.Default_Handler
                0x08000ad0        0x2 CMakeFiles/TC_Energy_Metrics.dir/Core/Startup/startup_stm32f411ceux.s.obj
                0x08000ad0                DMA1_Stream3_IRQHandler
                0x08000ad0                EXTI2_IRQHandler
                0x08000ad0                SPI4_IRQHandler
                0x08000ad0                TIM1_CC_IRQHandler
                0x08000ad0                DMA2_Stream5_IRQHandler
                0x08000ad0                DMA1_Stream5_IRQHandler
                0x08000ad0                PVD_IRQHandler
                0x08000ad0                SDIO_IRQHandler
                0x08000ad0                TAMP_STAMP_IRQHandler
                0x08000ad0                EXTI3_IRQHandler
                0x08000ad0                TIM1_UP_TIM10_IRQHandler
                0x08000ad0                I2C3_ER_IRQHandler
                0x08000ad0                EXTI0_IRQHandler
                0x08000ad0                I2C2_EV_IRQHandler
                0x08000ad0                DMA1_Stream2_IRQHandler
                0x08000ad0                FPU_IRQHandler
                0x08000ad0                DMA2_Stream2_IRQHandler
                0x08000ad0                SPI1_IRQHandler
                0x08000ad0                TIM1_BRK_TIM9_IRQHandler
                0x08000ad0                DMA2_Stream3_IRQHandler
                0x08000ad0                USART6_IRQHandler
                0x08000ad0                DMA2_Stream0_IRQHandler
                0x08000ad0                TIM4_IRQHandler
                0x08000ad0                I2C1_EV_IRQHandler
                0x08000ad0                DMA1_Stream6_IRQHandler
                0x08000ad0                DMA1_Stream1_IRQHandler
                0x08000ad0                TIM3_IRQHandler
                0x08000ad0                RCC_IRQHandler
                0x08000ad0                Default_Handler
                0x08000ad0                EXTI15_10_IRQHandler
                0x08000ad0                ADC_IRQHandler
                0x08000ad0                DMA1_Stream7_IRQHandler
                0x08000ad0                SPI5_IRQHandler
                0x08000ad0                TIM5_IRQHandler
                0x08000ad0                DMA2_Stream7_IRQHandler
                0x08000ad0                I2C3_EV_IRQHandler
                0x08000ad0                EXTI9_5_IRQHandler
                0x08000ad0                RTC_WKUP_IRQHandler
                0x08000ad0                SPI2_IRQHandler
                0x08000ad0                DMA1_Stream0_IRQHandler
                0x08000ad0                EXTI4_IRQHandler
                0x08000ad0                WWDG_IRQHandler
                0x08000ad0                TIM2_IRQHandler
                0x08000ad0                OTG_FS_WKUP_IRQHandler
                0x08000ad0                TIM1_TRG_COM_TIM11_IRQHandler
                0x08000ad0                EXTI1_IRQHandler
                0x08000ad0                USART2_IRQHandler
                0x08000ad0                I2C2_ER_IRQHandler
                0x08000ad0                DMA2_Stream1_IRQHandler
                0x08000ad0                FLASH_IRQHandler
                0x08000ad0                DMA2_Stream4_IRQHandler
                0x08000ad0                USART1_IRQHandler
                0x08000ad0                SPI3_IRQHandler
                0x08000ad0                DMA1_Stream4_IRQHandler
                0x08000ad0                I2C1_ER_IRQHandler
                0x08000ad0                DMA2_Stream6_IRQHandler
                0x08000ad0                RTC_Alarm_IRQHandler
 *fill*         0x08000ad2        0x2 
 .text.HAL_Init
                0x08000ad4       0x44 CMakeFiles/TC_Energy_Metrics.dir/Drivers/STM32F4xx_HAL_Driver/Src/stm32f4xx_hal.c.obj
                0x08000ad4                HAL_Init
 .text.HAL_InitTick
                0x08000b18       0x60 CMakeFiles/TC_Energy_Metrics.dir/Drivers/STM32F4xx_HAL_Driver/Src/stm32f4xx_hal.c.obj
                0x08000b18                HAL_InitTick
 .text.HAL_IncTick
                0x08000b78       0x28 CMakeFiles/TC_Energy_Metrics.dir/Drivers/STM32F4xx_HAL_Driver/Src/stm32f4xx_hal.c.obj
                0x08000b78                HAL_IncTick
 .text.HAL_GetTick
                0x08000ba0       0x18 CMakeFiles/TC_Energy_Metrics.dir/Drivers/STM32F4xx_HAL_Driver/Src/stm32f4xx_hal.c.obj
                0x08000ba0                HAL_GetTick
 .text.HAL_Delay
                0x08000bb8       0x48 CMakeFiles/TC_Energy_Metrics.dir/Drivers/STM32F4xx_HAL_Driver/Src/stm32f4xx_hal.c.obj
                0x08000bb8                HAL_Delay
 .text.__NVIC_SetPriorityGrouping
                0x08000c00       0x48 CMakeFiles/TC_Energy_Metrics.dir/Drivers/STM32F4xx_HAL_Driver/Src/stm32f4xx_hal_cortex.c.obj
 .text.__NVIC_GetPriorityGrouping
                0x08000c48       0x1c CMakeFiles/TC_Energy_Metrics.dir/Drivers/STM32F4xx_HAL_Driver/Src/stm32f4xx_hal_cortex.c.obj
 .text.__NVIC_EnableIRQ
                0x08000c64       0x3c CMakeFiles/TC_Energy_Metrics.dir/Drivers/STM32F4xx_HAL_Driver/Src/stm32f4xx_hal_cortex.c.obj
 .text.__NVIC_SetPriority
                0x08000ca0       0x54 CMakeFiles/TC_Energy_Metrics.dir/Drivers/STM32F4xx_HAL_Driver/Src/stm32f4xx_hal_cortex.c.obj
 .text.NVIC_EncodePriority
                0x08000cf4       0x66 CMakeFiles/TC_Energy_Metrics.dir/Drivers/STM32F4xx_HAL_Driver/Src/stm32f4xx_hal_cortex.c.obj
 *fill*         0x08000d5a        0x2 
 .text.SysTick_Config
                0x08000d5c       0x44 CMakeFiles/TC_Energy_Metrics.dir/Drivers/STM32F4xx_HAL_Driver/Src/stm32f4xx_hal_cortex.c.obj
 .text.HAL_NVIC_SetPriorityGrouping
                0x08000da0       0x16 CMakeFiles/TC_Energy_Metrics.dir/Drivers/STM32F4xx_HAL_Driver/Src/stm32f4xx_hal_cortex.c.obj
                0x08000da0                HAL_NVIC_SetPriorityGrouping
 .text.HAL_NVIC_SetPriority
                0x08000db6       0x38 CMakeFiles/TC_Energy_Metrics.dir/Drivers/STM32F4xx_HAL_Driver/Src/stm32f4xx_hal_cortex.c.obj
                0x08000db6                HAL_NVIC_SetPriority
 .text.HAL_NVIC_EnableIRQ
                0x08000dee       0x1c CMakeFiles/TC_Energy_Metrics.dir/Drivers/STM32F4xx_HAL_Driver/Src/stm32f4xx_hal_cortex.c.obj
                0x08000dee                HAL_NVIC_EnableIRQ
 .text.HAL_SYSTICK_Config
                0x08000e0a       0x18 CMakeFiles/TC_Energy_Metrics.dir/Drivers/STM32F4xx_HAL_Driver/Src/stm32f4xx_hal_cortex.c.obj
                0x08000e0a                HAL_SYSTICK_Config
 *fill*         0x08000e22        0x2 
 .text.HAL_GPIO_Init
                0x08000e24      0x308 CMakeFiles/TC_Energy_Metrics.dir/Drivers/STM32F4xx_HAL_Driver/Src/stm32f4xx_hal_gpio.c.obj
                0x08000e24                HAL_GPIO_Init
 .text.HAL_PCD_Init
                0x0800112c      0x21e CMakeFiles/TC_Energy_Metrics.dir/Drivers/STM32F4xx_HAL_Driver/Src/stm32f4xx_hal_pcd.c.obj
                0x0800112c                HAL_PCD_Init
 .text.HAL_PCD_Start
                0x0800134a       0x6a CMakeFiles/TC_Energy_Metrics.dir/Drivers/STM32F4xx_HAL_Driver/Src/stm32f4xx_hal_pcd.c.obj
                0x0800134a                HAL_PCD_Start
 .text.HAL_PCD_IRQHandler
                0x080013b4      0x942 CMakeFiles/TC_Energy_Metrics.dir/Drivers/STM32F4xx_HAL_Driver/Src/stm32f4xx_hal_pcd.c.obj
                0x080013b4                HAL_PCD_IRQHandler
 .text.HAL_PCD_SetAddress
                0x08001cf6       0x48 CMakeFiles/TC_Energy_Metrics.dir/Drivers/STM32F4xx_HAL_Driver/Src/stm32f4xx_hal_pcd.c.obj
                0x08001cf6                HAL_PCD_SetAddress
 .text.HAL_PCD_EP_Open
                0x08001d3e       0xd4 CMakeFiles/TC_Energy_Metrics.dir/Drivers/STM32F4xx_HAL_Driver/Src/stm32f4xx_hal_pcd.c.obj
                0x08001d3e                HAL_PCD_EP_Open
 .text.HAL_PCD_EP_Close
                0x08001e12       0x94 CMakeFiles/TC_Energy_Metrics.dir/Drivers/STM32F4xx_HAL_Driver/Src/stm32f4xx_hal_pcd.c.obj
                0x08001e12                HAL_PCD_EP_Close
 .text.HAL_PCD_EP_Receive
                0x08001ea6       0x76 CMakeFiles/TC_Energy_Metrics.dir/Drivers/STM32F4xx_HAL_Driver/Src/stm32f4xx_hal_pcd.c.obj
                0x08001ea6                HAL_PCD_EP_Receive
 .text.HAL_PCD_EP_GetRxCount
                0x08001f1c       0x30 CMakeFiles/TC_Energy_Metrics.dir/Drivers/STM32F4xx_HAL_Driver/Src/stm32f4xx_hal_pcd.c.obj
                0x08001f1c                HAL_PCD_EP_GetRxCount
 .text.HAL_PCD_EP_Transmit
                0x08001f4c       0x74 CMakeFiles/TC_Energy_Metrics.dir/Drivers/STM32F4xx_HAL_Driver/Src/stm32f4xx_hal_pcd.c.obj
                0x08001f4c                HAL_PCD_EP_Transmit
 .text.HAL_PCD_EP_SetStall
                0x08001fc0       0xc6 CMakeFiles/TC_Energy_Metrics.dir/Drivers/STM32F4xx_HAL_Driver/Src/stm32f4xx_hal_pcd.c.obj
                0x08001fc0                HAL_PCD_EP_SetStall
 .text.HAL_PCD_EP_ClrStall
                0x08002086       0xac CMakeFiles/TC_Energy_Metrics.dir/Drivers/STM32F4xx_HAL_Driver/Src/stm32f4xx_hal_pcd.c.obj
                0x08002086                HAL_PCD_EP_ClrStall
 .text.HAL_PCD_EP_Abort
                0x08002132       0x62 CMakeFiles/TC_Energy_Metrics.dir/Drivers/STM32F4xx_HAL_Driver/Src/stm32f4xx_hal_pcd.c.obj
                0x08002132                HAL_PCD_EP_Abort
 .text.PCD_WriteEmptyTxFifo
                0x08002194      0x118 CMakeFiles/TC_Energy_Metrics.dir/Drivers/STM32F4xx_HAL_Driver/Src/stm32f4xx_hal_pcd.c.obj
 .text.PCD_EP_OutXfrComplete_int
                0x080022ac      0x1d0 CMakeFiles/TC_Energy_Metrics.dir/Drivers/STM32F4xx_HAL_Driver/Src/stm32f4xx_hal_pcd.c.obj
 .text.PCD_EP_OutSetupPacket_int
                0x0800247c       0x8c CMakeFiles/TC_Energy_Metrics.dir/Drivers/STM32F4xx_HAL_Driver/Src/stm32f4xx_hal_pcd.c.obj
 .text.HAL_PCDEx_SetTxFiFo
                0x08002508       0x8e CMakeFiles/TC_Energy_Metrics.dir/Drivers/STM32F4xx_HAL_Driver/Src/stm32f4xx_hal_pcd_ex.c.obj
                0x08002508                HAL_PCDEx_SetTxFiFo
 .text.HAL_PCDEx_SetRxFiFo
                0x08002596       0x22 CMakeFiles/TC_Energy_Metrics.dir/Drivers/STM32F4xx_HAL_Driver/Src/stm32f4xx_hal_pcd_ex.c.obj
                0x08002596                HAL_PCDEx_SetRxFiFo
 .text.HAL_PCDEx_LPM_Callback
                0x080025b8       0x18 CMakeFiles/TC_Energy_Metrics.dir/Drivers/STM32F4xx_HAL_Driver/Src/stm32f4xx_hal_pcd_ex.c.obj
                0x080025b8                HAL_PCDEx_LPM_Callback
 .text.HAL_RCC_OscConfig
                0x080025d0      0x4f0 CMakeFiles/TC_Energy_Metrics.dir/Drivers/STM32F4xx_HAL_Driver/Src/stm32f4xx_hal_rcc.c.obj
                0x080025d0                HAL_RCC_OscConfig
 .text.HAL_RCC_ClockConfig
                0x08002ac0      0x1cc CMakeFiles/TC_Energy_Metrics.dir/Drivers/STM32F4xx_HAL_Driver/Src/stm32f4xx_hal_rcc.c.obj
                0x08002ac0                HAL_RCC_ClockConfig
 .text.HAL_RCC_GetSysClockFreq
                0x08002c8c      0x188 CMakeFiles/TC_Energy_Metrics.dir/Drivers/STM32F4xx_HAL_Driver/Src/stm32f4xx_hal_rcc.c.obj
                0x08002c8c                HAL_RCC_GetSysClockFreq
 .text.HAL_RCC_GetHCLKFreq
                0x08002e14       0x18 CMakeFiles/TC_Energy_Metrics.dir/Drivers/STM32F4xx_HAL_Driver/Src/stm32f4xx_hal_rcc.c.obj
                0x08002e14                HAL_RCC_GetHCLKFreq
 .text.USB_CoreInit
                0x08002e2c       0xc8 CMakeFiles/TC_Energy_Metrics.dir/Drivers/STM32F4xx_HAL_Driver/Src/stm32f4xx_ll_usb.c.obj
                0x08002e2c                USB_CoreInit
 .text.USB_SetTurnaroundTime
                0x08002ef4      0x144 CMakeFiles/TC_Energy_Metrics.dir/Drivers/STM32F4xx_HAL_Driver/Src/stm32f4xx_ll_usb.c.obj
                0x08002ef4                USB_SetTurnaroundTime
 .text.USB_EnableGlobalInt
                0x08003038       0x22 CMakeFiles/TC_Energy_Metrics.dir/Drivers/STM32F4xx_HAL_Driver/Src/stm32f4xx_ll_usb.c.obj
                0x08003038                USB_EnableGlobalInt
 .text.USB_DisableGlobalInt
                0x0800305a       0x22 CMakeFiles/TC_Energy_Metrics.dir/Drivers/STM32F4xx_HAL_Driver/Src/stm32f4xx_ll_usb.c.obj
                0x0800305a                USB_DisableGlobalInt
 .text.USB_SetCurrentMode
                0x0800307c       0x98 CMakeFiles/TC_Energy_Metrics.dir/Drivers/STM32F4xx_HAL_Driver/Src/stm32f4xx_ll_usb.c.obj
                0x0800307c                USB_SetCurrentMode
 .text.USB_DevInit
                0x08003114      0x2c8 CMakeFiles/TC_Energy_Metrics.dir/Drivers/STM32F4xx_HAL_Driver/Src/stm32f4xx_ll_usb.c.obj
                0x08003114                USB_DevInit
 .text.USB_FlushTxFifo
                0x080033dc       0x64 CMakeFiles/TC_Energy_Metrics.dir/Drivers/STM32F4xx_HAL_Driver/Src/stm32f4xx_ll_usb.c.obj
                0x080033dc                USB_FlushTxFifo
 .text.USB_FlushRxFifo
                0x08003440       0x5c CMakeFiles/TC_Energy_Metrics.dir/Drivers/STM32F4xx_HAL_Driver/Src/stm32f4xx_ll_usb.c.obj
                0x08003440                USB_FlushRxFifo
 .text.USB_SetDevSpeed
                0x0800349c       0x32 CMakeFiles/TC_Energy_Metrics.dir/Drivers/STM32F4xx_HAL_Driver/Src/stm32f4xx_ll_usb.c.obj
                0x0800349c                USB_SetDevSpeed
 .text.USB_GetDevSpeed
                0x080034ce       0x4a CMakeFiles/TC_Energy_Metrics.dir/Drivers/STM32F4xx_HAL_Driver/Src/stm32f4xx_ll_usb.c.obj
                0x080034ce                USB_GetDevSpeed
 .text.USB_ActivateEndpoint
                0x08003518      0x10e CMakeFiles/TC_Energy_Metrics.dir/Drivers/STM32F4xx_HAL_Driver/Src/stm32f4xx_ll_usb.c.obj
                0x08003518                USB_ActivateEndpoint
 *fill*         0x08003626        0x2 
 .text.USB_DeactivateEndpoint
                0x08003628      0x1b8 CMakeFiles/TC_Energy_Metrics.dir/Drivers/STM32F4xx_HAL_Driver/Src/stm32f4xx_ll_usb.c.obj
                0x08003628                USB_DeactivateEndpoint
 .text.USB_EPStartXfer
                0x080037e0      0x53c CMakeFiles/TC_Energy_Metrics.dir/Drivers/STM32F4xx_HAL_Driver/Src/stm32f4xx_ll_usb.c.obj
                0x080037e0                USB_EPStartXfer
 .text.USB_EPStopXfer
                0x08003d1c      0x154 CMakeFiles/TC_Energy_Metrics.dir/Drivers/STM32F4xx_HAL_Driver/Src/stm32f4xx_ll_usb.c.obj
                0x08003d1c                USB_EPStopXfer
 .text.USB_WritePacket
                0x08003e70       0x7c CMakeFiles/TC_Energy_Metrics.dir/Drivers/STM32F4xx_HAL_Driver/Src/stm32f4xx_ll_usb.c.obj
                0x08003e70                USB_WritePacket
 .text.USB_ReadPacket
                0x08003eec       0xb0 CMakeFiles/TC_Energy_Metrics.dir/Drivers/STM32F4xx_HAL_Driver/Src/stm32f4xx_ll_usb.c.obj
                0x08003eec                USB_ReadPacket
 .text.USB_EPSetStall
                0x08003f9c       0xdc CMakeFiles/TC_Energy_Metrics.dir/Drivers/STM32F4xx_HAL_Driver/Src/stm32f4xx_ll_usb.c.obj
                0x08003f9c                USB_EPSetStall
 .text.USB_EPClearStall
                0x08004078       0xcc CMakeFiles/TC_Energy_Metrics.dir/Drivers/STM32F4xx_HAL_Driver/Src/stm32f4xx_ll_usb.c.obj
                0x08004078                USB_EPClearStall
 .text.USB_SetDevAddress
                0x08004144       0x4c CMakeFiles/TC_Energy_Metrics.dir/Drivers/STM32F4xx_HAL_Driver/Src/stm32f4xx_ll_usb.c.obj
                0x08004144                USB_SetDevAddress
 .text.USB_DevConnect
                0x08004190       0x42 CMakeFiles/TC_Energy_Metrics.dir/Drivers/STM32F4xx_HAL_Driver/Src/stm32f4xx_ll_usb.c.obj
                0x08004190                USB_DevConnect
 .text.USB_DevDisconnect
                0x080041d2       0x42 CMakeFiles/TC_Energy_Metrics.dir/Drivers/STM32F4xx_HAL_Driver/Src/stm32f4xx_ll_usb.c.obj
                0x080041d2                USB_DevDisconnect
 .text.USB_ReadInterrupts
                0x08004214       0x26 CMakeFiles/TC_Energy_Metrics.dir/Drivers/STM32F4xx_HAL_Driver/Src/stm32f4xx_ll_usb.c.obj
                0x08004214                USB_ReadInterrupts
 .text.USB_ReadDevAllOutEpInterrupt
                0x0800423a       0x34 CMakeFiles/TC_Energy_Metrics.dir/Drivers/STM32F4xx_HAL_Driver/Src/stm32f4xx_ll_usb.c.obj
                0x0800423a                USB_ReadDevAllOutEpInterrupt
 .text.USB_ReadDevAllInEpInterrupt
                0x0800426e       0x34 CMakeFiles/TC_Energy_Metrics.dir/Drivers/STM32F4xx_HAL_Driver/Src/stm32f4xx_ll_usb.c.obj
                0x0800426e                USB_ReadDevAllInEpInterrupt
 .text.USB_ReadDevOutEPInterrupt
                0x080042a2       0x3c CMakeFiles/TC_Energy_Metrics.dir/Drivers/STM32F4xx_HAL_Driver/Src/stm32f4xx_ll_usb.c.obj
                0x080042a2                USB_ReadDevOutEPInterrupt
 .text.USB_ReadDevInEPInterrupt
                0x080042de       0x5c CMakeFiles/TC_Energy_Metrics.dir/Drivers/STM32F4xx_HAL_Driver/Src/stm32f4xx_ll_usb.c.obj
                0x080042de                USB_ReadDevInEPInterrupt
 .text.USB_GetMode
                0x0800433a       0x1c CMakeFiles/TC_Energy_Metrics.dir/Drivers/STM32F4xx_HAL_Driver/Src/stm32f4xx_ll_usb.c.obj
                0x0800433a                USB_GetMode
 .text.USB_ActivateSetup
                0x08004356       0x46 CMakeFiles/TC_Energy_Metrics.dir/Drivers/STM32F4xx_HAL_Driver/Src/stm32f4xx_ll_usb.c.obj
                0x08004356                USB_ActivateSetup
 .text.USB_EP0_OutStart
                0x0800439c       0xbc CMakeFiles/TC_Energy_Metrics.dir/Drivers/STM32F4xx_HAL_Driver/Src/stm32f4xx_ll_usb.c.obj
                0x0800439c                USB_EP0_OutStart
 .text.USB_CoreReset
                0x08004458       0x70 CMakeFiles/TC_Energy_Metrics.dir/Drivers/STM32F4xx_HAL_Driver/Src/stm32f4xx_ll_usb.c.obj
 .text.USBD_CDC_Init
                0x080044c8      0x1f0 CMakeFiles/TC_Energy_Metrics.dir/Middlewares/ST/STM32_USB_Device_Library/Class/CDC/Src/usbd_cdc.c.obj
 .text.USBD_CDC_DeInit
                0x080046b8      0x104 CMakeFiles/TC_Energy_Metrics.dir/Middlewares/ST/STM32_USB_Device_Library/Class/CDC/Src/usbd_cdc.c.obj
 .text.USBD_CDC_Setup
                0x080047bc      0x1b8 CMakeFiles/TC_Energy_Metrics.dir/Middlewares/ST/STM32_USB_Device_Library/Class/CDC/Src/usbd_cdc.c.obj
 .text.USBD_CDC_DataIn
                0x08004974       0xfe CMakeFiles/TC_Energy_Metrics.dir/Middlewares/ST/STM32_USB_Device_Library/Class/CDC/Src/usbd_cdc.c.obj
 .text.USBD_CDC_DataOut
                0x08004a72       0x70 CMakeFiles/TC_Energy_Metrics.dir/Middlewares/ST/STM32_USB_Device_Library/Class/CDC/Src/usbd_cdc.c.obj
 .text.USBD_CDC_EP0_RxReady
                0x08004ae2       0x74 CMakeFiles/TC_Energy_Metrics.dir/Middlewares/ST/STM32_USB_Device_Library/Class/CDC/Src/usbd_cdc.c.obj
 *fill*         0x08004b56        0x2 
 .text.USBD_CDC_GetFSCfgDesc
                0x08004b58       0x70 CMakeFiles/TC_Energy_Metrics.dir/Middlewares/ST/STM32_USB_Device_Library/Class/CDC/Src/usbd_cdc.c.obj
 .text.USBD_CDC_GetHSCfgDesc
                0x08004bc8       0x70 CMakeFiles/TC_Energy_Metrics.dir/Middlewares/ST/STM32_USB_Device_Library/Class/CDC/Src/usbd_cdc.c.obj
 .text.USBD_CDC_GetOtherSpeedCfgDesc
                0x08004c38       0x70 CMakeFiles/TC_Energy_Metrics.dir/Middlewares/ST/STM32_USB_Device_Library/Class/CDC/Src/usbd_cdc.c.obj
 .text.USBD_CDC_GetDeviceQualifierDescriptor
                0x08004ca8       0x20 CMakeFiles/TC_Energy_Metrics.dir/Middlewares/ST/STM32_USB_Device_Library/Class/CDC/Src/usbd_cdc.c.obj
                0x08004ca8                USBD_CDC_GetDeviceQualifierDescriptor
 .text.USBD_CDC_RegisterInterface
                0x08004cc8       0x34 CMakeFiles/TC_Energy_Metrics.dir/Middlewares/ST/STM32_USB_Device_Library/Class/CDC/Src/usbd_cdc.c.obj
                0x08004cc8                USBD_CDC_RegisterInterface
 .text.USBD_CDC_SetTxBuffer
                0x08004cfc       0x44 CMakeFiles/TC_Energy_Metrics.dir/Middlewares/ST/STM32_USB_Device_Library/Class/CDC/Src/usbd_cdc.c.obj
                0x08004cfc                USBD_CDC_SetTxBuffer
 .text.USBD_CDC_SetRxBuffer
                0x08004d40       0x3a CMakeFiles/TC_Energy_Metrics.dir/Middlewares/ST/STM32_USB_Device_Library/Class/CDC/Src/usbd_cdc.c.obj
                0x08004d40                USBD_CDC_SetRxBuffer
 *fill*         0x08004d7a        0x2 
 .text.USBD_CDC_TransmitPacket
                0x08004d7c       0x80 CMakeFiles/TC_Energy_Metrics.dir/Middlewares/ST/STM32_USB_Device_Library/Class/CDC/Src/usbd_cdc.c.obj
                0x08004d7c                USBD_CDC_TransmitPacket
 .text.USBD_CDC_ReceivePacket
                0x08004dfc       0x6c CMakeFiles/TC_Energy_Metrics.dir/Middlewares/ST/STM32_USB_Device_Library/Class/CDC/Src/usbd_cdc.c.obj
                0x08004dfc                USBD_CDC_ReceivePacket
 .text.USBD_Init
                0x08004e68       0x60 CMakeFiles/TC_Energy_Metrics.dir/Middlewares/ST/STM32_USB_Device_Library/Core/Src/usbd_core.c.obj
                0x08004e68                USBD_Init
 .text.USBD_RegisterClass
                0x08004ec8       0x6c CMakeFiles/TC_Energy_Metrics.dir/Middlewares/ST/STM32_USB_Device_Library/Core/Src/usbd_core.c.obj
                0x08004ec8                USBD_RegisterClass
 .text.USBD_Start
                0x08004f34       0x18 CMakeFiles/TC_Energy_Metrics.dir/Middlewares/ST/STM32_USB_Device_Library/Core/Src/usbd_core.c.obj
                0x08004f34                USBD_Start
 .text.USBD_RunTestMode
                0x08004f4c       0x16 CMakeFiles/TC_Energy_Metrics.dir/Middlewares/ST/STM32_USB_Device_Library/Core/Src/usbd_core.c.obj
                0x08004f4c                USBD_RunTestMode
 .text.USBD_SetClassConfig
                0x08004f62       0x38 CMakeFiles/TC_Energy_Metrics.dir/Middlewares/ST/STM32_USB_Device_Library/Core/Src/usbd_core.c.obj
                0x08004f62                USBD_SetClassConfig
 .text.USBD_ClrClassConfig
                0x08004f9a       0x34 CMakeFiles/TC_Energy_Metrics.dir/Middlewares/ST/STM32_USB_Device_Library/Core/Src/usbd_core.c.obj
                0x08004f9a                USBD_ClrClassConfig
 .text.USBD_LL_SetupStage
                0x08004fce       0xaa CMakeFiles/TC_Energy_Metrics.dir/Middlewares/ST/STM32_USB_Device_Library/Core/Src/usbd_core.c.obj
                0x08004fce                USBD_LL_SetupStage
 .text.USBD_LL_DataOutStage
                0x08005078      0x178 CMakeFiles/TC_Energy_Metrics.dir/Middlewares/ST/STM32_USB_Device_Library/Core/Src/usbd_core.c.obj
                0x08005078                USBD_LL_DataOutStage
 .text.USBD_LL_DataInStage
                0x080051f0      0x176 CMakeFiles/TC_Energy_Metrics.dir/Middlewares/ST/STM32_USB_Device_Library/Core/Src/usbd_core.c.obj
                0x080051f0                USBD_LL_DataInStage
 .text.USBD_LL_Reset
                0x08005366       0xa6 CMakeFiles/TC_Energy_Metrics.dir/Middlewares/ST/STM32_USB_Device_Library/Core/Src/usbd_core.c.obj
                0x08005366                USBD_LL_Reset
 .text.USBD_LL_SetSpeed
                0x0800540c       0x20 CMakeFiles/TC_Energy_Metrics.dir/Middlewares/ST/STM32_USB_Device_Library/Core/Src/usbd_core.c.obj
                0x0800540c                USBD_LL_SetSpeed
 .text.USBD_LL_Suspend
                0x0800542c       0x38 CMakeFiles/TC_Energy_Metrics.dir/Middlewares/ST/STM32_USB_Device_Library/Core/Src/usbd_core.c.obj
                0x0800542c                USBD_LL_Suspend
 .text.USBD_LL_Resume
                0x08005464       0x30 CMakeFiles/TC_Energy_Metrics.dir/Middlewares/ST/STM32_USB_Device_Library/Core/Src/usbd_core.c.obj
                0x08005464                USBD_LL_Resume
 .text.USBD_LL_SOF
                0x08005494       0x40 CMakeFiles/TC_Energy_Metrics.dir/Middlewares/ST/STM32_USB_Device_Library/Core/Src/usbd_core.c.obj
                0x08005494                USBD_LL_SOF
 .text.USBD_LL_IsoINIncomplete
                0x080054d4       0x64 CMakeFiles/TC_Energy_Metrics.dir/Middlewares/ST/STM32_USB_Device_Library/Core/Src/usbd_core.c.obj
                0x080054d4                USBD_LL_IsoINIncomplete
 .text.USBD_LL_IsoOUTIncomplete
                0x08005538       0x64 CMakeFiles/TC_Energy_Metrics.dir/Middlewares/ST/STM32_USB_Device_Library/Core/Src/usbd_core.c.obj
                0x08005538                USBD_LL_IsoOUTIncomplete
 .text.USBD_LL_DevConnected
                0x0800559c       0x16 CMakeFiles/TC_Energy_Metrics.dir/Middlewares/ST/STM32_USB_Device_Library/Core/Src/usbd_core.c.obj
                0x0800559c                USBD_LL_DevConnected
 .text.USBD_LL_DevDisconnected
                0x080055b2       0x46 CMakeFiles/TC_Energy_Metrics.dir/Middlewares/ST/STM32_USB_Device_Library/Core/Src/usbd_core.c.obj
                0x080055b2                USBD_LL_DevDisconnected
 .text.USBD_CoreFindIF
                0x080055f8       0x1a CMakeFiles/TC_Energy_Metrics.dir/Middlewares/ST/STM32_USB_Device_Library/Core/Src/usbd_core.c.obj
                0x080055f8                USBD_CoreFindIF
 .text.USBD_CoreFindEP
                0x08005612       0x1a CMakeFiles/TC_Energy_Metrics.dir/Middlewares/ST/STM32_USB_Device_Library/Core/Src/usbd_core.c.obj
                0x08005612                USBD_CoreFindEP
 .text.USBD_GetEpDesc
                0x0800562c       0x70 CMakeFiles/TC_Energy_Metrics.dir/Middlewares/ST/STM32_USB_Device_Library/Core/Src/usbd_core.c.obj
                0x0800562c                USBD_GetEpDesc
 .text.USBD_GetNextDesc
                0x0800569c       0x38 CMakeFiles/TC_Energy_Metrics.dir/Middlewares/ST/STM32_USB_Device_Library/Core/Src/usbd_core.c.obj
                0x0800569c                USBD_GetNextDesc
 .text.SWAPBYTE
                0x080056d4       0x3e CMakeFiles/TC_Energy_Metrics.dir/Middlewares/ST/STM32_USB_Device_Library/Core/Src/usbd_ctlreq.c.obj
 *fill*         0x08005712        0x2 
 .text.USBD_StdDevReq
                0x08005714       0xe4 CMakeFiles/TC_Energy_Metrics.dir/Middlewares/ST/STM32_USB_Device_Library/Core/Src/usbd_ctlreq.c.obj
                0x08005714                USBD_StdDevReq
 .text.USBD_StdItfReq
                0x080057f8       0xd8 CMakeFiles/TC_Energy_Metrics.dir/Middlewares/ST/STM32_USB_Device_Library/Core/Src/usbd_ctlreq.c.obj
                0x080057f8                USBD_StdItfReq
 .text.USBD_StdEPReq
                0x080058d0      0x33e CMakeFiles/TC_Energy_Metrics.dir/Middlewares/ST/STM32_USB_Device_Library/Core/Src/usbd_ctlreq.c.obj
                0x080058d0                USBD_StdEPReq
 *fill*         0x08005c0e        0x2 
 .text.USBD_GetDescriptor
                0x08005c10      0x2d4 CMakeFiles/TC_Energy_Metrics.dir/Middlewares/ST/STM32_USB_Device_Library/Core/Src/usbd_ctlreq.c.obj
 .text.USBD_SetAddress
                0x08005ee4       0x88 CMakeFiles/TC_Energy_Metrics.dir/Middlewares/ST/STM32_USB_Device_Library/Core/Src/usbd_ctlreq.c.obj
 .text.USBD_SetConfig
                0x08005f6c      0x154 CMakeFiles/TC_Energy_Metrics.dir/Middlewares/ST/STM32_USB_Device_Library/Core/Src/usbd_ctlreq.c.obj
 .text.USBD_GetConfig
                0x080060c0       0x6c CMakeFiles/TC_Energy_Metrics.dir/Middlewares/ST/STM32_USB_Device_Library/Core/Src/usbd_ctlreq.c.obj
 .text.USBD_GetStatus
                0x0800612c       0x68 CMakeFiles/TC_Energy_Metrics.dir/Middlewares/ST/STM32_USB_Device_Library/Core/Src/usbd_ctlreq.c.obj
 .text.USBD_SetFeature
                0x08006194       0x52 CMakeFiles/TC_Energy_Metrics.dir/Middlewares/ST/STM32_USB_Device_Library/Core/Src/usbd_ctlreq.c.obj
 .text.USBD_ClrFeature
                0x080061e6       0x44 CMakeFiles/TC_Energy_Metrics.dir/Middlewares/ST/STM32_USB_Device_Library/Core/Src/usbd_ctlreq.c.obj
 .text.USBD_ParseSetupRequest
                0x0800622a       0x74 CMakeFiles/TC_Energy_Metrics.dir/Middlewares/ST/STM32_USB_Device_Library/Core/Src/usbd_ctlreq.c.obj
                0x0800622a                USBD_ParseSetupRequest
 .text.USBD_CtlError
                0x0800629e       0x22 CMakeFiles/TC_Energy_Metrics.dir/Middlewares/ST/STM32_USB_Device_Library/Core/Src/usbd_ctlreq.c.obj
                0x0800629e                USBD_CtlError
 .text.USBD_GetString
                0x080062c0       0xa4 CMakeFiles/TC_Energy_Metrics.dir/Middlewares/ST/STM32_USB_Device_Library/Core/Src/usbd_ctlreq.c.obj
                0x080062c0                USBD_GetString
 .text.USBD_GetLen
                0x08006364       0x34 CMakeFiles/TC_Energy_Metrics.dir/Middlewares/ST/STM32_USB_Device_Library/Core/Src/usbd_ctlreq.c.obj
 .text.USBD_CtlSendData
                0x08006398       0x3c CMakeFiles/TC_Energy_Metrics.dir/Middlewares/ST/STM32_USB_Device_Library/Core/Src/usbd_ioreq.c.obj
                0x08006398                USBD_CtlSendData
 .text.USBD_CtlContinueSendData
                0x080063d4       0x22 CMakeFiles/TC_Energy_Metrics.dir/Middlewares/ST/STM32_USB_Device_Library/Core/Src/usbd_ioreq.c.obj
                0x080063d4                USBD_CtlContinueSendData
 .text.USBD_CtlPrepareRx
                0x080063f6       0x42 CMakeFiles/TC_Energy_Metrics.dir/Middlewares/ST/STM32_USB_Device_Library/Core/Src/usbd_ioreq.c.obj
                0x080063f6                USBD_CtlPrepareRx
 .text.USBD_CtlContinueRx
                0x08006438       0x22 CMakeFiles/TC_Energy_Metrics.dir/Middlewares/ST/STM32_USB_Device_Library/Core/Src/usbd_ioreq.c.obj
                0x08006438                USBD_CtlContinueRx
 .text.USBD_CtlSendStatus
                0x0800645a       0x26 CMakeFiles/TC_Energy_Metrics.dir/Middlewares/ST/STM32_USB_Device_Library/Core/Src/usbd_ioreq.c.obj
                0x0800645a                USBD_CtlSendStatus
 .text.USBD_CtlReceiveStatus
                0x08006480       0x26 CMakeFiles/TC_Energy_Metrics.dir/Middlewares/ST/STM32_USB_Device_Library/Core/Src/usbd_ioreq.c.obj
                0x08006480                USBD_CtlReceiveStatus
 *fill*         0x080064a6        0x2 
 .text.MX_USB_DEVICE_Init
                0x080064a8       0x60 CMakeFiles/TC_Energy_Metrics.dir/USB_DEVICE/App/usb_device.c.obj
                0x080064a8                MX_USB_DEVICE_Init
 .text.CDC_Init_FS
                0x08006508       0x28 CMakeFiles/TC_Energy_Metrics.dir/USB_DEVICE/App/usbd_cdc_if.c.obj
 .text.CDC_DeInit_FS
                0x08006530       0x10 CMakeFiles/TC_Energy_Metrics.dir/USB_DEVICE/App/usbd_cdc_if.c.obj
 .text.CDC_Control_FS
                0x08006540       0xbc CMakeFiles/TC_Energy_Metrics.dir/USB_DEVICE/App/usbd_cdc_if.c.obj
 .text.CDC_Receive_FS
                0x080065fc       0xb4 CMakeFiles/TC_Energy_Metrics.dir/USB_DEVICE/App/usbd_cdc_if.c.obj
 .text.CDC_Transmit_FS
                0x080066b0       0x4c CMakeFiles/TC_Energy_Metrics.dir/USB_DEVICE/App/usbd_cdc_if.c.obj
                0x080066b0                CDC_Transmit_FS
 .text.CDC_TransmitCplt_FS
                0x080066fc       0x22 CMakeFiles/TC_Energy_Metrics.dir/USB_DEVICE/App/usbd_cdc_if.c.obj
 *fill*         0x0800671e        0x2 
 .text.USBD_FS_DeviceDescriptor
                0x08006720       0x24 CMakeFiles/TC_Energy_Metrics.dir/USB_DEVICE/App/usbd_desc.c.obj
                0x08006720                USBD_FS_DeviceDescriptor
 .text.USBD_FS_LangIDStrDescriptor
                0x08006744       0x24 CMakeFiles/TC_Energy_Metrics.dir/USB_DEVICE/App/usbd_desc.c.obj
                0x08006744                USBD_FS_LangIDStrDescriptor
 .text.USBD_FS_ProductStrDescriptor
                0x08006768       0x3c CMakeFiles/TC_Energy_Metrics.dir/USB_DEVICE/App/usbd_desc.c.obj
                0x08006768                USBD_FS_ProductStrDescriptor
 .text.USBD_FS_ManufacturerStrDescriptor
                0x080067a4       0x28 CMakeFiles/TC_Energy_Metrics.dir/USB_DEVICE/App/usbd_desc.c.obj
                0x080067a4                USBD_FS_ManufacturerStrDescriptor
 .text.USBD_FS_SerialStrDescriptor
                0x080067cc       0x24 CMakeFiles/TC_Energy_Metrics.dir/USB_DEVICE/App/usbd_desc.c.obj
                0x080067cc                USBD_FS_SerialStrDescriptor
 .text.USBD_FS_ConfigStrDescriptor
                0x080067f0       0x3c CMakeFiles/TC_Energy_Metrics.dir/USB_DEVICE/App/usbd_desc.c.obj
                0x080067f0                USBD_FS_ConfigStrDescriptor
 .text.USBD_FS_InterfaceStrDescriptor
                0x0800682c       0x3c CMakeFiles/TC_Energy_Metrics.dir/USB_DEVICE/App/usbd_desc.c.obj
                0x0800682c                USBD_FS_InterfaceStrDescriptor
 .text.Get_SerialNum
                0x08006868       0x58 CMakeFiles/TC_Energy_Metrics.dir/USB_DEVICE/App/usbd_desc.c.obj
 .text.IntToUnicode
                0x080068c0       0x7e CMakeFiles/TC_Energy_Metrics.dir/USB_DEVICE/App/usbd_desc.c.obj
 *fill*         0x0800693e        0x2 
 .text.HAL_PCD_MspInit
                0x08006940       0xa8 CMakeFiles/TC_Energy_Metrics.dir/USB_DEVICE/Target/usbd_conf.c.obj
                0x08006940                HAL_PCD_MspInit
 .text.HAL_PCD_SetupStageCallback
                0x080069e8       0x24 CMakeFiles/TC_Energy_Metrics.dir/USB_DEVICE/Target/usbd_conf.c.obj
                0x080069e8                HAL_PCD_SetupStageCallback
 .text.HAL_PCD_DataOutStageCallback
                0x08006a0c       0x36 CMakeFiles/TC_Energy_Metrics.dir/USB_DEVICE/Target/usbd_conf.c.obj
                0x08006a0c                HAL_PCD_DataOutStageCallback
 .text.HAL_PCD_DataInStageCallback
                0x08006a42       0x34 CMakeFiles/TC_Energy_Metrics.dir/USB_DEVICE/Target/usbd_conf.c.obj
                0x08006a42                HAL_PCD_DataInStageCallback
 .text.HAL_PCD_SOFCallback
                0x08006a76       0x1c CMakeFiles/TC_Energy_Metrics.dir/USB_DEVICE/Target/usbd_conf.c.obj
                0x08006a76                HAL_PCD_SOFCallback
 .text.HAL_PCD_ResetCallback
                0x08006a92       0x3c CMakeFiles/TC_Energy_Metrics.dir/USB_DEVICE/Target/usbd_conf.c.obj
                0x08006a92                HAL_PCD_ResetCallback
 *fill*         0x08006ace        0x2 
 .text.HAL_PCD_SuspendCallback
                0x08006ad0       0x4c CMakeFiles/TC_Energy_Metrics.dir/USB_DEVICE/Target/usbd_conf.c.obj
                0x08006ad0                HAL_PCD_SuspendCallback
 .text.HAL_PCD_ResumeCallback
                0x08006b1c       0x1c CMakeFiles/TC_Energy_Metrics.dir/USB_DEVICE/Target/usbd_conf.c.obj
                0x08006b1c                HAL_PCD_ResumeCallback
 .text.HAL_PCD_ISOOUTIncompleteCallback
                0x08006b38       0x24 CMakeFiles/TC_Energy_Metrics.dir/USB_DEVICE/Target/usbd_conf.c.obj
                0x08006b38                HAL_PCD_ISOOUTIncompleteCallback
 .text.HAL_PCD_ISOINIncompleteCallback
                0x08006b5c       0x24 CMakeFiles/TC_Energy_Metrics.dir/USB_DEVICE/Target/usbd_conf.c.obj
                0x08006b5c                HAL_PCD_ISOINIncompleteCallback
 .text.HAL_PCD_ConnectCallback
                0x08006b80       0x1c CMakeFiles/TC_Energy_Metrics.dir/USB_DEVICE/Target/usbd_conf.c.obj
                0x08006b80                HAL_PCD_ConnectCallback
 .text.HAL_PCD_DisconnectCallback
                0x08006b9c       0x1c CMakeFiles/TC_Energy_Metrics.dir/USB_DEVICE/Target/usbd_conf.c.obj
                0x08006b9c                HAL_PCD_DisconnectCallback
 .text.USBD_LL_Init
                0x08006bb8       0x98 CMakeFiles/TC_Energy_Metrics.dir/USB_DEVICE/Target/usbd_conf.c.obj
                0x08006bb8                USBD_LL_Init
 .text.USBD_LL_Start
                0x08006c50       0x36 CMakeFiles/TC_Energy_Metrics.dir/USB_DEVICE/Target/usbd_conf.c.obj
                0x08006c50                USBD_LL_Start
 .text.USBD_LL_OpenEP
                0x08006c86       0x4c CMakeFiles/TC_Energy_Metrics.dir/USB_DEVICE/Target/usbd_conf.c.obj
                0x08006c86                USBD_LL_OpenEP
 .text.USBD_LL_CloseEP
                0x08006cd2       0x3e CMakeFiles/TC_Energy_Metrics.dir/USB_DEVICE/Target/usbd_conf.c.obj
                0x08006cd2                USBD_LL_CloseEP
 .text.USBD_LL_StallEP
                0x08006d10       0x3e CMakeFiles/TC_Energy_Metrics.dir/USB_DEVICE/Target/usbd_conf.c.obj
                0x08006d10                USBD_LL_StallEP
 .text.USBD_LL_ClearStallEP
                0x08006d4e       0x3e CMakeFiles/TC_Energy_Metrics.dir/USB_DEVICE/Target/usbd_conf.c.obj
                0x08006d4e                USBD_LL_ClearStallEP
 .text.USBD_LL_IsStallEP
                0x08006d8c       0x58 CMakeFiles/TC_Energy_Metrics.dir/USB_DEVICE/Target/usbd_conf.c.obj
                0x08006d8c                USBD_LL_IsStallEP
 .text.USBD_LL_SetUSBAddress
                0x08006de4       0x3e CMakeFiles/TC_Energy_Metrics.dir/USB_DEVICE/Target/usbd_conf.c.obj
                0x08006de4                USBD_LL_SetUSBAddress
 .text.USBD_LL_Transmit
                0x08006e22       0x42 CMakeFiles/TC_Energy_Metrics.dir/USB_DEVICE/Target/usbd_conf.c.obj
                0x08006e22                USBD_LL_Transmit
 .text.USBD_LL_PrepareReceive
                0x08006e64       0x42 CMakeFiles/TC_Energy_Metrics.dir/USB_DEVICE/Target/usbd_conf.c.obj
                0x08006e64                USBD_LL_PrepareReceive
 .text.USBD_LL_GetRxDataSize
                0x08006ea6       0x26 CMakeFiles/TC_Energy_Metrics.dir/USB_DEVICE/Target/usbd_conf.c.obj
                0x08006ea6                USBD_LL_GetRxDataSize
 .text.USBD_static_malloc
                0x08006ecc       0x1c CMakeFiles/TC_Energy_Metrics.dir/USB_DEVICE/Target/usbd_conf.c.obj
                0x08006ecc                USBD_static_malloc
 .text.USBD_static_free
                0x08006ee8       0x14 CMakeFiles/TC_Energy_Metrics.dir/USB_DEVICE/Target/usbd_conf.c.obj
                0x08006ee8                USBD_static_free
 .text.USBD_Get_USB_Status
                0x08006efc       0x58 CMakeFiles/TC_Energy_Metrics.dir/USB_DEVICE/Target/usbd_conf.c.obj
                0x08006efc                USBD_Get_USB_Status
 .text.malloc   0x08006f54       0x10 /Users/laurenachen/Library/Application Support/stm32cube/bundles/gnu-tools-for-stm32/14.3.1+st.2/bin/../lib/gcc/arm-none-eabi/14.3.1/../../../../arm-none-eabi/lib/thumb/v7e-m+fp/hard/libc_nano.a(libc_a-malloc.o)
                0x08006f54                malloc
 .text.free     0x08006f64       0x10 /Users/laurenachen/Library/Application Support/stm32cube/bundles/gnu-tools-for-stm32/14.3.1+st.2/bin/../lib/gcc/arm-none-eabi/14.3.1/../../../../arm-none-eabi/lib/thumb/v7e-m+fp/hard/libc_nano.a(libc_a-malloc.o)
                0x08006f64                free
 .text.sbrk_aligned
                0x08006f74       0x44 /Users/laurenachen/Library/Application Support/stm32cube/bundles/gnu-tools-for-stm32/14.3.1+st.2/bin/../lib/gcc/arm-none-eabi/14.3.1/../../../../arm-none-eabi/lib/thumb/v7e-m+fp/hard/libc_nano.a(libc_a-mallocr.o)
 .text._malloc_r
                0x08006fb8      0x100 /Users/laurenachen/Library/Application Support/stm32cube/bundles/gnu-tools-for-stm32/14.3.1+st.2/bin/../lib/gcc/arm-none-eabi/14.3.1/../../../../arm-none-eabi/lib/thumb/v7e-m+fp/hard/libc_nano.a(libc_a-mallocr.o)
                0x08006fb8                _malloc_r
 .text.snprintf
                0x080070b8       0x6c /Users/laurenachen/Library/Application Support/stm32cube/bundles/gnu-tools-for-stm32/14.3.1+st.2/bin/../lib/gcc/arm-none-eabi/14.3.1/../../../../arm-none-eabi/lib/thumb/v7e-m+fp/hard/libc_nano.a(libc_a-snprintf.o)
                0x080070b8                snprintf
                0x080070b8                sniprintf
 .text.__malloc_lock
                0x08007124        0xc /Users/laurenachen/Library/Application Support/stm32cube/bundles/gnu-tools-for-stm32/14.3.1+st.2/bin/../lib/gcc/arm-none-eabi/14.3.1/../../../../arm-none-eabi/lib/thumb/v7e-m+fp/hard/libc_nano.a(libc_a-mlock.o)
                0x08007124                __malloc_lock
 .text.__malloc_unlock
                0x08007130        0xc /Users/laurenachen/Library/Application Support/stm32cube/bundles/gnu-tools-for-stm32/14.3.1+st.2/bin/../lib/gcc/arm-none-eabi/14.3.1/../../../../arm-none-eabi/lib/thumb/v7e-m+fp/hard/libc_nano.a(libc_a-mlock.o)
                0x08007130                __malloc_unlock
 .text.memset   0x0800713c       0x10 /Users/laurenachen/Library/Application Support/stm32cube/bundles/gnu-tools-for-stm32/14.3.1+st.2/bin/../lib/gcc/arm-none-eabi/14.3.1/../../../../arm-none-eabi/lib/thumb/v7e-m+fp/hard/libc_nano.a(libc_a-memset.o)
                0x0800713c                memset
 .text._sbrk_r  0x0800714c       0x20 /Users/laurenachen/Library/Application Support/stm32cube/bundles/gnu-tools-for-stm32/14.3.1+st.2/bin/../lib/gcc/arm-none-eabi/14.3.1/../../../../arm-none-eabi/lib/thumb/v7e-m+fp/hard/libc_nano.a(libc_a-sbrkr.o)
                0x0800714c                _sbrk_r
 .text.__errno  0x0800716c        0xc /Users/laurenachen/Library/Application Support/stm32cube/bundles/gnu-tools-for-stm32/14.3.1+st.2/bin/../lib/gcc/arm-none-eabi/14.3.1/../../../../arm-none-eabi/lib/thumb/v7e-m+fp/hard/libc_nano.a(libc_a-errno.o)
                0x0800716c                __errno
 .text.__libc_init_array
                0x08007178       0x48 /Users/laurenachen/Library/Application Support/stm32cube/bundles/gnu-tools-for-stm32/14.3.1+st.2/bin/../lib/gcc/arm-none-eabi/14.3.1/../../../../arm-none-eabi/lib/thumb/v7e-m+fp/hard/libc_nano.a(libc_a-init.o)
                0x08007178                __libc_init_array
 .text.__retarget_lock_acquire_recursive
                0x080071c0        0x2 /Users/laurenachen/Library/Application Support/stm32cube/bundles/gnu-tools-for-stm32/14.3.1+st.2/bin/../lib/gcc/arm-none-eabi/14.3.1/../../../../arm-none-eabi/lib/thumb/v7e-m+fp/hard/libc_nano.a(libc_a-lock.o)
                0x080071c0                __retarget_lock_acquire_recursive
 .text.__retarget_lock_release_recursive
                0x080071c2        0x2 /Users/laurenachen/Library/Application Support/stm32cube/bundles/gnu-tools-for-stm32/14.3.1+st.2/bin/../lib/gcc/arm-none-eabi/14.3.1/../../../../arm-none-eabi/lib/thumb/v7e-m+fp/hard/libc_nano.a(libc_a-lock.o)
                0x080071c2                __retarget_lock_release_recursive
 .text.memcpy   0x080071c4       0x1c /Users/laurenachen/Library/Application Support/stm32cube/bundles/gnu-tools-for-stm32/14.3.1+st.2/bin/../lib/gcc/arm-none-eabi/14.3.1/../../../../arm-none-eabi/lib/thumb/v7e-m+fp/hard/libc_nano.a(libc_a-memcpy-stub.o)
                0x080071c4                memcpy
 .text._free_r  0x080071e0       0x94 /Users/laurenachen/Library/Application Support/stm32cube/bundles/gnu-tools-for-stm32/14.3.1+st.2/bin/../lib/gcc/arm-none-eabi/14.3.1/../../../../arm-none-eabi/lib/thumb/v7e-m+fp/hard/libc_nano.a(libc_a-freer.o)
                0x080071e0                _free_r
 .text.__ssputs_r
                0x08007274       0xc0 /Users/laurenachen/Library/Application Support/stm32cube/bundles/gnu-tools-for-stm32/14.3.1+st.2/bin/../lib/gcc/arm-none-eabi/14.3.1/../../../../arm-none-eabi/lib/thumb/v7e-m+fp/hard/libc_nano.a(libc_a-nano-svfprintf.o)
                0x08007274                __ssputs_r
 .text._svfprintf_r
                0x08007334      0x1f0 /Users/laurenachen/Library/Application Support/stm32cube/bundles/gnu-tools-for-stm32/14.3.1+st.2/bin/../lib/gcc/arm-none-eabi/14.3.1/../../../../arm-none-eabi/lib/thumb/v7e-m+fp/hard/libc_nano.a(libc_a-nano-svfprintf.o)
                0x08007334                _svfprintf_r
                0x08007334                _svfiprintf_r
 .text._printf_common
                0x08007524       0xda /Users/laurenachen/Library/Application Support/stm32cube/bundles/gnu-tools-for-stm32/14.3.1+st.2/bin/../lib/gcc/arm-none-eabi/14.3.1/../../../../arm-none-eabi/lib/thumb/v7e-m+fp/hard/libc_nano.a(libc_a-nano-vfprintf_i.o)
                0x08007524                _printf_common
 *fill*         0x080075fe        0x2 
 .text._printf_i
                0x08007600      0x24c /Users/laurenachen/Library/Application Support/stm32cube/bundles/gnu-tools-for-stm32/14.3.1+st.2/bin/../lib/gcc/arm-none-eabi/14.3.1/../../../../arm-none-eabi/lib/thumb/v7e-m+fp/hard/libc_nano.a(libc_a-nano-vfprintf_i.o)
                0x08007600                _printf_i
 .text._realloc_r
                0x0800784c       0x5c /Users/laurenachen/Library/Application Support/stm32cube/bundles/gnu-tools-for-stm32/14.3.1+st.2/bin/../lib/gcc/arm-none-eabi/14.3.1/../../../../arm-none-eabi/lib/thumb/v7e-m+fp/hard/libc_nano.a(libc_a-reallocr.o)
                0x0800784c                _realloc_r
 .text.memmove  0x080078a8       0x32 /Users/laurenachen/Library/Application Support/stm32cube/bundles/gnu-tools-for-stm32/14.3.1+st.2/bin/../lib/gcc/arm-none-eabi/14.3.1/../../../../arm-none-eabi/lib/thumb/v7e-m+fp/hard/libc_nano.a(libc_a-memmove.o)
                0x080078a8                memmove
 .text._malloc_usable_size_r
                0x080078da       0x10 /Users/laurenachen/Library/Application Support/stm32cube/bundles/gnu-tools-for-stm32/14.3.1+st.2/bin/../lib/gcc/arm-none-eabi/14.3.1/../../../../arm-none-eabi/lib/thumb/v7e-m+fp/hard/libc_nano.a(libc_a-msizer.o)
                0x080078da                _malloc_usable_size_r
 *(.glue_7)
 .glue_7        0x080078ea        0x0 linker stubs
 *(.glue_7t)
 .glue_7t       0x080078ea        0x0 linker stubs
 *(.eh_frame)
 *fill*         0x080078ea        0x2 
 .eh_frame      0x080078ec        0x0 /Users/laurenachen/Library/Application Support/stm32cube/bundles/gnu-tools-for-stm32/14.3.1+st.2/bin/../lib/gcc/arm-none-eabi/14.3.1/thumb/v7e-m+fp/hard/crtbegin.o
 *(.init)
 .init          0x080078ec        0x4 /Users/laurenachen/Library/Application Support/stm32cube/bundles/gnu-tools-for-stm32/14.3.1+st.2/bin/../lib/gcc/arm-none-eabi/14.3.1/thumb/v7e-m+fp/hard/crti.o
                0x080078ec                _init
 .init          0x080078f0        0x8 /Users/laurenachen/Library/Application Support/stm32cube/bundles/gnu-tools-for-stm32/14.3.1+st.2/bin/../lib/gcc/arm-none-eabi/14.3.1/thumb/v7e-m+fp/hard/crtn.o
 *(.fini)
 .fini          0x080078f8        0x4 /Users/laurenachen/Library/Application Support/stm32cube/bundles/gnu-tools-for-stm32/14.3.1+st.2/bin/../lib/gcc/arm-none-eabi/14.3.1/thumb/v7e-m+fp/hard/crti.o
                0x080078f8                _fini
 .fini          0x080078fc        0x8 /Users/laurenachen/Library/Application Support/stm32cube/bundles/gnu-tools-for-stm32/14.3.1+st.2/bin/../lib/gcc/arm-none-eabi/14.3.1/thumb/v7e-m+fp/hard/crtn.o
                0x08007904                        . = ALIGN (0x4)
                0x08007904                        _etext = .

.vfp11_veneer   0x08007904        0x0
 .vfp11_veneer  0x08007904        0x0 linker stubs

.v4_bx          0x08007904        0x0
 .v4_bx         0x08007904        0x0 linker stubs

.iplt           0x08007904        0x0
 .iplt          0x08007904        0x0 /Users/laurenachen/Library/Application Support/stm32cube/bundles/gnu-tools-for-stm32/14.3.1+st.2/bin/../lib/gcc/arm-none-eabi/14.3.1/thumb/v7e-m+fp/hard/crtbegin.o

.rodata         0x08007904       0xbc
                0x08007904                        . = ALIGN (0x4)
 *(.rodata)
 .rodata        0x08007904       0x2d CMakeFiles/TC_Energy_Metrics.dir/Core/Src/main.c.obj
 *fill*         0x08007931        0x3 
 .rodata        0x08007934       0x46 CMakeFiles/TC_Energy_Metrics.dir/USB_DEVICE/App/usbd_desc.c.obj
 *(.rodata*)
 *fill*         0x0800797a        0x2 
 .rodata.AHBPrescTable
                0x0800797c       0x10 CMakeFiles/TC_Energy_Metrics.dir/Core/Src/system_stm32f4xx.c.obj
                0x0800797c                AHBPrescTable
 .rodata._svfprintf_r.str1.1
                0x0800798c       0x33 /Users/laurenachen/Library/Application Support/stm32cube/bundles/gnu-tools-for-stm32/14.3.1+st.2/bin/../lib/gcc/arm-none-eabi/14.3.1/../../../../arm-none-eabi/lib/thumb/v7e-m+fp/hard/libc_nano.a(libc_a-nano-svfprintf.o)
                                 0x11 (size before relaxing)
 .rodata._printf_i.str1.1
                0x080079bf       0x22 /Users/laurenachen/Library/Application Support/stm32cube/bundles/gnu-tools-for-stm32/14.3.1+st.2/bin/../lib/gcc/arm-none-eabi/14.3.1/../../../../arm-none-eabi/lib/thumb/v7e-m+fp/hard/libc_nano.a(libc_a-nano-vfprintf_i.o)
                0x080079e4                        . = ALIGN (0x4)
 *fill*         0x080079bf        0x1 

.ARM.extab      0x080079c0        0x0
                0x080079c0                        . = ALIGN (0x4)
 *(.ARM.extab* .gnu.linkonce.armextab.*)
                0x080079c0                        . = ALIGN (0x4)

.ARM            0x080079c0        0x8
                0x080079c0                        . = ALIGN (0x4)
                0x080079c0                        __exidx_start = .
 *(.ARM.exidx*)
 .ARM.exidx     0x080079c0        0x8 /Users/laurenachen/Library/Application Support/stm32cube/bundles/gnu-tools-for-stm32/14.3.1+st.2/bin/../lib/gcc/arm-none-eabi/14.3.1/thumb/v7e-m+fp/hard/libgcc.a(_udivmoddi4.o)
 .ARM.exidx     0x080079c8        0x0 /Users/laurenachen/Library/Application Support/stm32cube/bundles/gnu-tools-for-stm32/14.3.1+st.2/bin/../lib/gcc/arm-none-eabi/14.3.1/../../../../arm-none-eabi/lib/thumb/v7e-m+fp/hard/libc_nano.a(libc_a-strcmp.o)
                                  0x8 (size before relaxing)
 .ARM.exidx     0x080079c8        0x0 /Users/laurenachen/Library/Application Support/stm32cube/bundles/gnu-tools-for-stm32/14.3.1+st.2/bin/../lib/gcc/arm-none-eabi/14.3.1/../../../../arm-none-eabi/lib/thumb/v7e-m+fp/hard/libc_nano.a(libc_a-strlen.o)
                                  0x8 (size before relaxing)
 .ARM.exidx     0x080079c8        0x0 /Users/laurenachen/Library/Application Support/stm32cube/bundles/gnu-tools-for-stm32/14.3.1+st.2/bin/../lib/gcc/arm-none-eabi/14.3.1/../../../../arm-none-eabi/lib/thumb/v7e-m+fp/hard/libc_nano.a(libc_a-memchr.o)
                                  0x8 (size before relaxing)
                0x080079c8                        __exidx_end = .
                0x080079c8                        . = ALIGN (0x4)

.preinit_array  0x080079c8        0x0
                0x080079c8                        . = ALIGN (0x4)
                0x080079c8                        PROVIDE (__preinit_array_start = .)
 *(.preinit_array*)
                0x080079c8                        PROVIDE (__preinit_array_end = .)
                0x080079c8                        . = ALIGN (0x4)

.init_array     0x080079c8        0x4
                0x080079c8                        . = ALIGN (0x4)
                0x080079c8                        PROVIDE (__init_array_start = .)
 *(SORT_BY_NAME(.init_array.*))
 *(.init_array*)
 .init_array    0x080079c8        0x4 /Users/laurenachen/Library/Application Support/stm32cube/bundles/gnu-tools-for-stm32/14.3.1+st.2/bin/../lib/gcc/arm-none-eabi/14.3.1/thumb/v7e-m+fp/hard/crtbegin.o
                0x080079cc                        PROVIDE (__init_array_end = .)
                0x080079cc                        . = ALIGN (0x4)

.fini_array     0x080079cc        0x4
                0x080079cc                        . = ALIGN (0x4)
                [!provide]                        PROVIDE (__fini_array_start = .)
 *(SORT_BY_NAME(.fini_array.*))
 *(.fini_array*)
 .fini_array    0x080079cc        0x4 /Users/laurenachen/Library/Application Support/stm32cube/bundles/gnu-tools-for-stm32/14.3.1+st.2/bin/../lib/gcc/arm-none-eabi/14.3.1/thumb/v7e-m+fp/hard/crtbegin.o
                [!provide]                        PROVIDE (__fini_array_end = .)
                0x080079d0                        . = ALIGN (0x4)
                0x080079d0                        _sidata = LOADADDR (.data)

.rel.dyn        0x080079d0        0x0
 .rel.iplt      0x080079d0        0x0 /Users/laurenachen/Library/Application Support/stm32cube/bundles/gnu-tools-for-stm32/14.3.1+st.2/bin/../lib/gcc/arm-none-eabi/14.3.1/thumb/v7e-m+fp/hard/crtbegin.o

.data           0x20000000      0x14c load address 0x080079d0
                0x20000000                        . = ALIGN (0x4)
                0x20000000                        _sdata = .
 *(.data)
 *(.data*)
 .data.SystemCoreClock
                0x20000000        0x4 CMakeFiles/TC_Energy_Metrics.dir/Core/Src/system_stm32f4xx.c.obj
                0x20000000                SystemCoreClock
 .data.uwTickPrio
                0x20000004        0x4 CMakeFiles/TC_Energy_Metrics.dir/Drivers/STM32F4xx_HAL_Driver/Src/stm32f4xx_hal.c.obj
                0x20000004                uwTickPrio
 .data.uwTickFreq
                0x20000008        0x1 CMakeFiles/TC_Energy_Metrics.dir/Drivers/STM32F4xx_HAL_Driver/Src/stm32f4xx_hal.c.obj
                0x20000008                uwTickFreq
 *fill*         0x20000009        0x3 
 .data.USBD_CDC_DeviceQualifierDesc
                0x2000000c        0xa CMakeFiles/TC_Energy_Metrics.dir/Middlewares/ST/STM32_USB_Device_Library/Class/CDC/Src/usbd_cdc.c.obj
 *fill*         0x20000016        0x2 
 .data.USBD_CDC
                0x20000018       0x38 CMakeFiles/TC_Energy_Metrics.dir/Middlewares/ST/STM32_USB_Device_Library/Class/CDC/Src/usbd_cdc.c.obj
                0x20000018                USBD_CDC
 .data.USBD_CDC_CfgDesc
                0x20000050       0x43 CMakeFiles/TC_Energy_Metrics.dir/Middlewares/ST/STM32_USB_Device_Library/Class/CDC/Src/usbd_cdc.c.obj
 .data.CDCInEpAdd
                0x20000093        0x1 CMakeFiles/TC_Energy_Metrics.dir/Middlewares/ST/STM32_USB_Device_Library/Class/CDC/Src/usbd_cdc.c.obj
 .data.CDCOutEpAdd
                0x20000094        0x1 CMakeFiles/TC_Energy_Metrics.dir/Middlewares/ST/STM32_USB_Device_Library/Class/CDC/Src/usbd_cdc.c.obj
 .data.CDCCmdEpAdd
                0x20000095        0x1 CMakeFiles/TC_Energy_Metrics.dir/Middlewares/ST/STM32_USB_Device_Library/Class/CDC/Src/usbd_cdc.c.obj
 *fill*         0x20000096        0x2 
 .data.USBD_Interface_fops_FS
                0x20000098       0x14 CMakeFiles/TC_Energy_Metrics.dir/USB_DEVICE/App/usbd_cdc_if.c.obj
                0x20000098                USBD_Interface_fops_FS
 .data.FS_Desc  0x200000ac       0x1c CMakeFiles/TC_Energy_Metrics.dir/USB_DEVICE/App/usbd_desc.c.obj
                0x200000ac                FS_Desc
 .data.USBD_FS_DeviceDesc
                0x200000c8       0x12 CMakeFiles/TC_Energy_Metrics.dir/USB_DEVICE/App/usbd_desc.c.obj
                0x200000c8                USBD_FS_DeviceDesc
 *fill*         0x200000da        0x2 
 .data.USBD_LangIDDesc
                0x200000dc        0x4 CMakeFiles/TC_Energy_Metrics.dir/USB_DEVICE/App/usbd_desc.c.obj
                0x200000dc                USBD_LangIDDesc
 .data.USBD_StringSerial
                0x200000e0       0x1a CMakeFiles/TC_Energy_Metrics.dir/USB_DEVICE/App/usbd_desc.c.obj
                0x200000e0                USBD_StringSerial
 *fill*         0x200000fa        0x2 
 .data._impure_ptr
                0x200000fc        0x4 /Users/laurenachen/Library/Application Support/stm32cube/bundles/gnu-tools-for-stm32/14.3.1+st.2/bin/../lib/gcc/arm-none-eabi/14.3.1/../../../../arm-none-eabi/lib/thumb/v7e-m+fp/hard/libc_nano.a(libc_a-impure.o)
                0x200000fc                _impure_ptr
 .data._impure_data
                0x20000100       0x4c /Users/laurenachen/Library/Application Support/stm32cube/bundles/gnu-tools-for-stm32/14.3.1+st.2/bin/../lib/gcc/arm-none-eabi/14.3.1/../../../../arm-none-eabi/lib/thumb/v7e-m+fp/hard/libc_nano.a(libc_a-impure.o)
                0x20000100                _impure_data
 *(.RamFunc)
 *(.RamFunc*)
                0x2000014c                        . = ALIGN (0x4)
                0x2000014c                        _edata = .

.igot.plt       0x2000014c        0x0 load address 0x08007b1c
 .igot.plt      0x2000014c        0x0 /Users/laurenachen/Library/Application Support/stm32cube/bundles/gnu-tools-for-stm32/14.3.1+st.2/bin/../lib/gcc/arm-none-eabi/14.3.1/thumb/v7e-m+fp/hard/crtbegin.o
                0x2000014c                        . = ALIGN (0x4)

.bss            0x2000014c     0x2554 load address 0x08007b1c
                0x2000014c                        _sbss = .
                0x2000014c                        __bss_start__ = _sbss
 *(.bss)
 .bss           0x2000014c       0x1c /Users/laurenachen/Library/Application Support/stm32cube/bundles/gnu-tools-for-stm32/14.3.1+st.2/bin/../lib/gcc/arm-none-eabi/14.3.1/thumb/v7e-m+fp/hard/crtbegin.o
 *(.bss*)
 .bss.__sbrk_heap_end
                0x20000168        0x4 CMakeFiles/TC_Energy_Metrics.dir/Core/Src/sysmem.c.obj
 .bss.uwTick    0x2000016c        0x4 CMakeFiles/TC_Energy_Metrics.dir/Drivers/STM32F4xx_HAL_Driver/Src/stm32f4xx_hal.c.obj
                0x2000016c                uwTick
 .bss.cfgidx.0  0x20000170        0x1 CMakeFiles/TC_Energy_Metrics.dir/Middlewares/ST/STM32_USB_Device_Library/Core/Src/usbd_ctlreq.c.obj
 *fill*         0x20000171        0x3 
 .bss.hUsbDeviceFS
                0x20000174      0x2dc CMakeFiles/TC_Energy_Metrics.dir/USB_DEVICE/App/usb_device.c.obj
                0x20000174                hUsbDeviceFS
 .bss.UserRxBufferFS
                0x20000450      0x800 CMakeFiles/TC_Energy_Metrics.dir/USB_DEVICE/App/usbd_cdc_if.c.obj
                0x20000450                UserRxBufferFS
 .bss.UserTxBufferFS
                0x20000c50      0x800 CMakeFiles/TC_Energy_Metrics.dir/USB_DEVICE/App/usbd_cdc_if.c.obj
                0x20000c50                UserTxBufferFS
 .bss.cdc_rx_buf
                0x20001450      0x800 CMakeFiles/TC_Energy_Metrics.dir/USB_DEVICE/App/usbd_cdc_if.c.obj
                0x20001450                cdc_rx_buf
 .bss.cdc_rx_len
                0x20001c50        0x2 CMakeFiles/TC_Energy_Metrics.dir/USB_DEVICE/App/usbd_cdc_if.c.obj
                0x20001c50                cdc_rx_len
 .bss.cdc_rx_ready
                0x20001c52        0x1 CMakeFiles/TC_Energy_Metrics.dir/USB_DEVICE/App/usbd_cdc_if.c.obj
                0x20001c52                cdc_rx_ready
 *fill*         0x20001c53        0x1 
 .bss.USBD_StrDesc
                0x20001c54      0x200 CMakeFiles/TC_Energy_Metrics.dir/USB_DEVICE/App/usbd_desc.c.obj
                0x20001c54                USBD_StrDesc
 .bss.hpcd_USB_OTG_FS
                0x20001e54      0x4e4 CMakeFiles/TC_Energy_Metrics.dir/USB_DEVICE/Target/usbd_conf.c.obj
                0x20001e54                hpcd_USB_OTG_FS
 .bss.mem.0     0x20002338      0x220 CMakeFiles/TC_Energy_Metrics.dir/USB_DEVICE/Target/usbd_conf.c.obj
 .bss.__malloc_sbrk_start
                0x20002558        0x4 /Users/laurenachen/Library/Application Support/stm32cube/bundles/gnu-tools-for-stm32/14.3.1+st.2/bin/../lib/gcc/arm-none-eabi/14.3.1/../../../../arm-none-eabi/lib/thumb/v7e-m+fp/hard/libc_nano.a(libc_a-mallocr.o)
                0x20002558                __malloc_sbrk_start
 .bss.__malloc_free_list
                0x2000255c        0x4 /Users/laurenachen/Library/Application Support/stm32cube/bundles/gnu-tools-for-stm32/14.3.1+st.2/bin/../lib/gcc/arm-none-eabi/14.3.1/../../../../arm-none-eabi/lib/thumb/v7e-m+fp/hard/libc_nano.a(libc_a-mallocr.o)
                0x2000255c                __malloc_free_list
 .bss.__sf      0x20002560      0x138 /Users/laurenachen/Library/Application Support/stm32cube/bundles/gnu-tools-for-stm32/14.3.1+st.2/bin/../lib/gcc/arm-none-eabi/14.3.1/../../../../arm-none-eabi/lib/thumb/v7e-m+fp/hard/libc_nano.a(libc_a-findfp.o)
                0x20002560                __sf
 .bss.__lock___malloc_recursive_mutex
                0x20002698        0x1 /Users/laurenachen/Library/Application Support/stm32cube/bundles/gnu-tools-for-stm32/14.3.1+st.2/bin/../lib/gcc/arm-none-eabi/14.3.1/../../../../arm-none-eabi/lib/thumb/v7e-m+fp/hard/libc_nano.a(libc_a-lock.o)
                0x20002698                __lock___malloc_recursive_mutex
 *fill*         0x20002699        0x3 
 .bss.errno     0x2000269c        0x4 /Users/laurenachen/Library/Application Support/stm32cube/bundles/gnu-tools-for-stm32/14.3.1+st.2/bin/../lib/gcc/arm-none-eabi/14.3.1/../../../../arm-none-eabi/lib/thumb/v7e-m+fp/hard/libc_nano.a(libc_a-reent.o)
                0x2000269c                errno
 *(COMMON)
                0x200026a0                        . = ALIGN (0x4)
                0x200026a0                        _ebss = .
                0x200026a0                        __bss_end__ = _ebss

._user_heap_stack
                0x200026a0      0x600 load address 0x08007b1c
                0x200026a0                        . = ALIGN (0x8)
                [!provide]                        PROVIDE (end = .)
                0x200026a0                        PROVIDE (_end = .)
                0x200028a0                        . = (. + _Min_Heap_Size)
 *fill*         0x200026a0      0x200 
                0x20002ca0                        . = (. + _Min_Stack_Size)
 *fill*         0x200028a0      0x400 
                0x20002ca0                        . = ALIGN (0x8)

/DISCARD/
 libc.a(*)
 libm.a(*)
 libgcc.a(*)

.ARM.attributes
                0x00000000       0x30
 *(.ARM.attributes)
 .ARM.attributes
                0x00000000       0x22 /Users/laurenachen/Library/Application Support/stm32cube/bundles/gnu-tools-for-stm32/14.3.1+st.2/bin/../lib/gcc/arm-none-eabi/14.3.1/thumb/v7e-m+fp/hard/crti.o
 .ARM.attributes
                0x00000022       0x34 /Users/laurenachen/Library/Application Support/stm32cube/bundles/gnu-tools-for-stm32/14.3.1+st.2/bin/../lib/gcc/arm-none-eabi/14.3.1/thumb/v7e-m+fp/hard/crtbegin.o
 .ARM.attributes
                0x00000056       0x34 CMakeFiles/TC_Energy_Metrics.dir/Core/Src/main.c.obj
 .ARM.attributes
                0x0000008a       0x34 CMakeFiles/TC_Energy_Metrics.dir/Core/Src/stm32f4xx_hal_msp.c.obj
 .ARM.attributes
                0x000000be       0x34 CMakeFiles/TC_Energy_Metrics.dir/Core/Src/stm32f4xx_it.c.obj
 .ARM.attributes
                0x000000f2       0x34 CMakeFiles/TC_Energy_Metrics.dir/Core/Src/sysmem.c.obj
 .ARM.attributes
                0x00000126       0x34 CMakeFiles/TC_Energy_Metrics.dir/Core/Src/system_stm32f4xx.c.obj
 .ARM.attributes
                0x0000015a       0x21 CMakeFiles/TC_Energy_Metrics.dir/Core/Startup/startup_stm32f411ceux.s.obj
 .ARM.attributes
                0x0000017b       0x34 CMakeFiles/TC_Energy_Metrics.dir/Drivers/STM32F4xx_HAL_Driver/Src/stm32f4xx_hal.c.obj
 .ARM.attributes
                0x000001af       0x34 CMakeFiles/TC_Energy_Metrics.dir/Drivers/STM32F4xx_HAL_Driver/Src/stm32f4xx_hal_cortex.c.obj
 .ARM.attributes
                0x000001e3       0x34 CMakeFiles/TC_Energy_Metrics.dir/Drivers/STM32F4xx_HAL_Driver/Src/stm32f4xx_hal_gpio.c.obj
 .ARM.attributes
                0x00000217       0x34 CMakeFiles/TC_Energy_Metrics.dir/Drivers/STM32F4xx_HAL_Driver/Src/stm32f4xx_hal_pcd.c.obj
 .ARM.attributes
                0x0000024b       0x34 CMakeFiles/TC_Energy_Metrics.dir/Drivers/STM32F4xx_HAL_Driver/Src/stm32f4xx_hal_pcd_ex.c.obj
 .ARM.attributes
                0x0000027f       0x34 CMakeFiles/TC_Energy_Metrics.dir/Drivers/STM32F4xx_HAL_Driver/Src/stm32f4xx_hal_rcc.c.obj
 .ARM.attributes
                0x000002b3       0x34 CMakeFiles/TC_Energy_Metrics.dir/Drivers/STM32F4xx_HAL_Driver/Src/stm32f4xx_ll_usb.c.obj
 .ARM.attributes
                0x000002e7       0x34 CMakeFiles/TC_Energy_Metrics.dir/Middlewares/ST/STM32_USB_Device_Library/Class/CDC/Src/usbd_cdc.c.obj
 .ARM.attributes
                0x0000031b       0x34 CMakeFiles/TC_Energy_Metrics.dir/Middlewares/ST/STM32_USB_Device_Library/Core/Src/usbd_core.c.obj
 .ARM.attributes
                0x0000034f       0x34 CMakeFiles/TC_Energy_Metrics.dir/Middlewares/ST/STM32_USB_Device_Library/Core/Src/usbd_ctlreq.c.obj
 .ARM.attributes
                0x00000383       0x34 CMakeFiles/TC_Energy_Metrics.dir/Middlewares/ST/STM32_USB_Device_Library/Core/Src/usbd_ioreq.c.obj
 .ARM.attributes
                0x000003b7       0x34 CMakeFiles/TC_Energy_Metrics.dir/USB_DEVICE/App/usb_device.c.obj
 .ARM.attributes
                0x000003eb       0x34 CMakeFiles/TC_Energy_Metrics.dir/USB_DEVICE/App/usbd_cdc_if.c.obj
 .ARM.attributes
                0x0000041f       0x34 CMakeFiles/TC_Energy_Metrics.dir/USB_DEVICE/App/usbd_desc.c.obj
 .ARM.attributes
                0x00000453       0x34 CMakeFiles/TC_Energy_Metrics.dir/USB_DEVICE/Target/usbd_conf.c.obj
 .ARM.attributes
                0x00000487       0x22 /Users/laurenachen/Library/Application Support/stm32cube/bundles/gnu-tools-for-stm32/14.3.1+st.2/bin/../lib/gcc/arm-none-eabi/14.3.1/thumb/v7e-m+fp/hard/libgcc.a(_aeabi_uldivmod.o)
 .ARM.attributes
                0x000004a9       0x34 /Users/laurenachen/Library/Application Support/stm32cube/bundles/gnu-tools-for-stm32/14.3.1+st.2/bin/../lib/gcc/arm-none-eabi/14.3.1/thumb/v7e-m+fp/hard/libgcc.a(_udivmoddi4.o)
 .ARM.attributes
                0x000004dd       0x22 /Users/laurenachen/Library/Application Support/stm32cube/bundles/gnu-tools-for-stm32/14.3.1+st.2/bin/../lib/gcc/arm-none-eabi/14.3.1/thumb/v7e-m+fp/hard/libgcc.a(_dvmd_tls.o)
 .ARM.attributes
                0x000004ff       0x34 /Users/laurenachen/Library/Application Support/stm32cube/bundles/gnu-tools-for-stm32/14.3.1+st.2/bin/../lib/gcc/arm-none-eabi/14.3.1/../../../../arm-none-eabi/lib/thumb/v7e-m+fp/hard/libc_nano.a(libc_a-malloc.o)
 .ARM.attributes
                0x00000533       0x34 /Users/laurenachen/Library/Application Support/stm32cube/bundles/gnu-tools-for-stm32/14.3.1+st.2/bin/../lib/gcc/arm-none-eabi/14.3.1/../../../../arm-none-eabi/lib/thumb/v7e-m+fp/hard/libc_nano.a(libc_a-mallocr.o)
 .ARM.attributes
                0x00000567       0x34 /Users/laurenachen/Library/Application Support/stm32cube/bundles/gnu-tools-for-stm32/14.3.1+st.2/bin/../lib/gcc/arm-none-eabi/14.3.1/../../../../arm-none-eabi/lib/thumb/v7e-m+fp/hard/libc_nano.a(libc_a-snprintf.o)
 .ARM.attributes
                0x0000059b       0x34 /Users/laurenachen/Library/Application Support/stm32cube/bundles/gnu-tools-for-stm32/14.3.1+st.2/bin/../lib/gcc/arm-none-eabi/14.3.1/../../../../arm-none-eabi/lib/thumb/v7e-m+fp/hard/libc_nano.a(libc_a-mlock.o)
 .ARM.attributes
                0x000005cf       0x34 /Users/laurenachen/Library/Application Support/stm32cube/bundles/gnu-tools-for-stm32/14.3.1+st.2/bin/../lib/gcc/arm-none-eabi/14.3.1/../../../../arm-none-eabi/lib/thumb/v7e-m+fp/hard/libc_nano.a(libc_a-findfp.o)
 .ARM.attributes
                0x00000603       0x34 /Users/laurenachen/Library/Application Support/stm32cube/bundles/gnu-tools-for-stm32/14.3.1+st.2/bin/../lib/gcc/arm-none-eabi/14.3.1/../../../../arm-none-eabi/lib/thumb/v7e-m+fp/hard/libc_nano.a(libc_a-memset.o)
 .ARM.attributes
                0x00000637       0x34 /Users/laurenachen/Library/Application Support/stm32cube/bundles/gnu-tools-for-stm32/14.3.1+st.2/bin/../lib/gcc/arm-none-eabi/14.3.1/../../../../arm-none-eabi/lib/thumb/v7e-m+fp/hard/libc_nano.a(libc_a-sbrkr.o)
 .ARM.attributes
                0x0000066b       0x34 /Users/laurenachen/Library/Application Support/stm32cube/bundles/gnu-tools-for-stm32/14.3.1+st.2/bin/../lib/gcc/arm-none-eabi/14.3.1/../../../../arm-none-eabi/lib/thumb/v7e-m+fp/hard/libc_nano.a(libc_a-errno.o)
 .ARM.attributes
                0x0000069f       0x34 /Users/laurenachen/Library/Application Support/stm32cube/bundles/gnu-tools-for-stm32/14.3.1+st.2/bin/../lib/gcc/arm-none-eabi/14.3.1/../../../../arm-none-eabi/lib/thumb/v7e-m+fp/hard/libc_nano.a(libc_a-init.o)
 .ARM.attributes
                0x000006d3       0x34 /Users/laurenachen/Library/Application Support/stm32cube/bundles/gnu-tools-for-stm32/14.3.1+st.2/bin/../lib/gcc/arm-none-eabi/14.3.1/../../../../arm-none-eabi/lib/thumb/v7e-m+fp/hard/libc_nano.a(libc_a-lock.o)
 .ARM.attributes
                0x00000707       0x34 /Users/laurenachen/Library/Application Support/stm32cube/bundles/gnu-tools-for-stm32/14.3.1+st.2/bin/../lib/gcc/arm-none-eabi/14.3.1/../../../../arm-none-eabi/lib/thumb/v7e-m+fp/hard/libc_nano.a(libc_a-reent.o)
 .ARM.attributes
                0x0000073b       0x34 /Users/laurenachen/Library/Application Support/stm32cube/bundles/gnu-tools-for-stm32/14.3.1+st.2/bin/../lib/gcc/arm-none-eabi/14.3.1/../../../../arm-none-eabi/lib/thumb/v7e-m+fp/hard/libc_nano.a(libc_a-impure.o)
 .ARM.attributes
                0x0000076f       0x20 /Users/laurenachen/Library/Application Support/stm32cube/bundles/gnu-tools-for-stm32/14.3.1+st.2/bin/../lib/gcc/arm-none-eabi/14.3.1/../../../../arm-none-eabi/lib/thumb/v7e-m+fp/hard/libc_nano.a(libc_a-strcmp.o)
 .ARM.attributes
                0x0000078f       0x34 /Users/laurenachen/Library/Application Support/stm32cube/bundles/gnu-tools-for-stm32/14.3.1+st.2/bin/../lib/gcc/arm-none-eabi/14.3.1/../../../../arm-none-eabi/lib/thumb/v7e-m+fp/hard/libc_nano.a(libc_a-memcpy-stub.o)
 .ARM.attributes
                0x000007c3       0x17 /Users/laurenachen/Library/Application Support/stm32cube/bundles/gnu-tools-for-stm32/14.3.1+st.2/bin/../lib/gcc/arm-none-eabi/14.3.1/../../../../arm-none-eabi/lib/thumb/v7e-m+fp/hard/libc_nano.a(libc_a-strlen.o)
 .ARM.attributes
                0x000007da       0x34 /Users/laurenachen/Library/Application Support/stm32cube/bundles/gnu-tools-for-stm32/14.3.1+st.2/bin/../lib/gcc/arm-none-eabi/14.3.1/../../../../arm-none-eabi/lib/thumb/v7e-m+fp/hard/libc_nano.a(libc_a-freer.o)
 .ARM.attributes
                0x0000080e       0x34 /Users/laurenachen/Library/Application Support/stm32cube/bundles/gnu-tools-for-stm32/14.3.1+st.2/bin/../lib/gcc/arm-none-eabi/14.3.1/../../../../arm-none-eabi/lib/thumb/v7e-m+fp/hard/libc_nano.a(libc_a-nano-svfprintf.o)
 .ARM.attributes
                0x00000842       0x34 /Users/laurenachen/Library/Application Support/stm32cube/bundles/gnu-tools-for-stm32/14.3.1+st.2/bin/../lib/gcc/arm-none-eabi/14.3.1/../../../../arm-none-eabi/lib/thumb/v7e-m+fp/hard/libc_nano.a(libc_a-nano-vfprintf_i.o)
 .ARM.attributes
                0x00000876       0x34 /Users/laurenachen/Library/Application Support/stm32cube/bundles/gnu-tools-for-stm32/14.3.1+st.2/bin/../lib/gcc/arm-none-eabi/14.3.1/../../../../arm-none-eabi/lib/thumb/v7e-m+fp/hard/libc_nano.a(libc_a-reallocr.o)
 .ARM.attributes
                0x000008aa       0x34 /Users/laurenachen/Library/Application Support/stm32cube/bundles/gnu-tools-for-stm32/14.3.1+st.2/bin/../lib/gcc/arm-none-eabi/14.3.1/../../../../arm-none-eabi/lib/thumb/v7e-m+fp/hard/libc_nano.a(libc_a-memmove.o)
 .ARM.attributes
                0x000008de       0x1c /Users/laurenachen/Library/Application Support/stm32cube/bundles/gnu-tools-for-stm32/14.3.1+st.2/bin/../lib/gcc/arm-none-eabi/14.3.1/../../../../arm-none-eabi/lib/thumb/v7e-m+fp/hard/libc_nano.a(libc_a-memchr.o)
 .ARM.attributes
                0x000008fa       0x34 /Users/laurenachen/Library/Application Support/stm32cube/bundles/gnu-tools-for-stm32/14.3.1+st.2/bin/../lib/gcc/arm-none-eabi/14.3.1/../../../../arm-none-eabi/lib/thumb/v7e-m+fp/hard/libc_nano.a(libc_a-msizer.o)
 .ARM.attributes
                0x0000092e       0x22 /Users/laurenachen/Library/Application Support/stm32cube/bundles/gnu-tools-for-stm32/14.3.1+st.2/bin/../lib/gcc/arm-none-eabi/14.3.1/thumb/v7e-m+fp/hard/crtn.o
OUTPUT(TC_Energy_Metrics.elf elf32-littlearm)
LOAD linker stubs
LOAD /Users/laurenachen/Library/Application Support/stm32cube/bundles/gnu-tools-for-stm32/14.3.1+st.2/bin/../lib/gcc/arm-none-eabi/14.3.1/../../../../arm-none-eabi/lib/thumb/v7e-m+fp/hard/libc.a
LOAD /Users/laurenachen/Library/Application Support/stm32cube/bundles/gnu-tools-for-stm32/14.3.1+st.2/bin/../lib/gcc/arm-none-eabi/14.3.1/../../../../arm-none-eabi/lib/thumb/v7e-m+fp/hard/libm.a
LOAD /Users/laurenachen/Library/Application Support/stm32cube/bundles/gnu-tools-for-stm32/14.3.1+st.2/bin/../lib/gcc/arm-none-eabi/14.3.1/thumb/v7e-m+fp/hard/libgcc.a

.debug_info     0x00000000     0xd8d1
 .debug_info    0x00000000      0x9a5 CMakeFiles/TC_Energy_Metrics.dir/Core/Src/main.c.obj
 .debug_info    0x000009a5      0x291 CMakeFiles/TC_Energy_Metrics.dir/Core/Src/stm32f4xx_hal_msp.c.obj
 .debug_info    0x00000c36      0x627 CMakeFiles/TC_Energy_Metrics.dir/Core/Src/stm32f4xx_it.c.obj
 .debug_info    0x0000125d      0x168 CMakeFiles/TC_Energy_Metrics.dir/Core/Src/sysmem.c.obj
 .debug_info    0x000013c5      0x53e CMakeFiles/TC_Energy_Metrics.dir/Core/Src/system_stm32f4xx.c.obj
 .debug_info    0x00001903       0x30 CMakeFiles/TC_Energy_Metrics.dir/Core/Startup/startup_stm32f411ceux.s.obj
 .debug_info    0x00001933      0x8c4 CMakeFiles/TC_Energy_Metrics.dir/Drivers/STM32F4xx_HAL_Driver/Src/stm32f4xx_hal.c.obj
 .debug_info    0x000021f7      0xcfc CMakeFiles/TC_Energy_Metrics.dir/Drivers/STM32F4xx_HAL_Driver/Src/stm32f4xx_hal_cortex.c.obj
 .debug_info    0x00002ef3      0x6f9 CMakeFiles/TC_Energy_Metrics.dir/Drivers/STM32F4xx_HAL_Driver/Src/stm32f4xx_hal_gpio.c.obj
 .debug_info    0x000035ec     0x1577 CMakeFiles/TC_Energy_Metrics.dir/Drivers/STM32F4xx_HAL_Driver/Src/stm32f4xx_hal_pcd.c.obj
 .debug_info    0x00004b63      0x6ea CMakeFiles/TC_Energy_Metrics.dir/Drivers/STM32F4xx_HAL_Driver/Src/stm32f4xx_hal_pcd_ex.c.obj
 .debug_info    0x0000524d      0x904 CMakeFiles/TC_Energy_Metrics.dir/Drivers/STM32F4xx_HAL_Driver/Src/stm32f4xx_hal_rcc.c.obj
 .debug_info    0x00005b51     0x1993 CMakeFiles/TC_Energy_Metrics.dir/Drivers/STM32F4xx_HAL_Driver/Src/stm32f4xx_ll_usb.c.obj
 .debug_info    0x000074e4     0x12a5 CMakeFiles/TC_Energy_Metrics.dir/Middlewares/ST/STM32_USB_Device_Library/Class/CDC/Src/usbd_cdc.c.obj
 .debug_info    0x00008789      0xe12 CMakeFiles/TC_Energy_Metrics.dir/Middlewares/ST/STM32_USB_Device_Library/Core/Src/usbd_core.c.obj
 .debug_info    0x0000959b      0xaeb CMakeFiles/TC_Energy_Metrics.dir/Middlewares/ST/STM32_USB_Device_Library/Core/Src/usbd_ctlreq.c.obj
 .debug_info    0x0000a086      0x762 CMakeFiles/TC_Energy_Metrics.dir/Middlewares/ST/STM32_USB_Device_Library/Core/Src/usbd_ioreq.c.obj
 .debug_info    0x0000a7e8      0x70e CMakeFiles/TC_Energy_Metrics.dir/USB_DEVICE/App/usb_device.c.obj
 .debug_info    0x0000aef6      0x970 CMakeFiles/TC_Energy_Metrics.dir/USB_DEVICE/App/usbd_cdc_if.c.obj
 .debug_info    0x0000b866      0x458 CMakeFiles/TC_Energy_Metrics.dir/USB_DEVICE/App/usbd_desc.c.obj
 .debug_info    0x0000bcbe     0x1c13 CMakeFiles/TC_Energy_Metrics.dir/USB_DEVICE/Target/usbd_conf.c.obj

.debug_abbrev   0x00000000     0x2b12
 .debug_abbrev  0x00000000      0x2a4 CMakeFiles/TC_Energy_Metrics.dir/Core/Src/main.c.obj
 .debug_abbrev  0x000002a4       0xd8 CMakeFiles/TC_Energy_Metrics.dir/Core/Src/stm32f4xx_hal_msp.c.obj
 .debug_abbrev  0x0000037c      0x1a4 CMakeFiles/TC_Energy_Metrics.dir/Core/Src/stm32f4xx_it.c.obj
 .debug_abbrev  0x00000520       0xbc CMakeFiles/TC_Energy_Metrics.dir/Core/Src/sysmem.c.obj
 .debug_abbrev  0x000005dc      0x11a CMakeFiles/TC_Energy_Metrics.dir/Core/Src/system_stm32f4xx.c.obj
 .debug_abbrev  0x000006f6       0x24 CMakeFiles/TC_Energy_Metrics.dir/Core/Startup/startup_stm32f411ceux.s.obj
 .debug_abbrev  0x0000071a      0x24b CMakeFiles/TC_Energy_Metrics.dir/Drivers/STM32F4xx_HAL_Driver/Src/stm32f4xx_hal.c.obj
 .debug_abbrev  0x00000965      0x31d CMakeFiles/TC_Energy_Metrics.dir/Drivers/STM32F4xx_HAL_Driver/Src/stm32f4xx_hal_cortex.c.obj
 .debug_abbrev  0x00000c82      0x1d3 CMakeFiles/TC_Energy_Metrics.dir/Drivers/STM32F4xx_HAL_Driver/Src/stm32f4xx_hal_gpio.c.obj
 .debug_abbrev  0x00000e55      0x2b6 CMakeFiles/TC_Energy_Metrics.dir/Drivers/STM32F4xx_HAL_Driver/Src/stm32f4xx_hal_pcd.c.obj
 .debug_abbrev  0x0000110b      0x1da CMakeFiles/TC_Energy_Metrics.dir/Drivers/STM32F4xx_HAL_Driver/Src/stm32f4xx_hal_pcd_ex.c.obj
 .debug_abbrev  0x000012e5      0x2b6 CMakeFiles/TC_Energy_Metrics.dir/Drivers/STM32F4xx_HAL_Driver/Src/stm32f4xx_hal_rcc.c.obj
 .debug_abbrev  0x0000159b      0x2b3 CMakeFiles/TC_Energy_Metrics.dir/Drivers/STM32F4xx_HAL_Driver/Src/stm32f4xx_ll_usb.c.obj
 .debug_abbrev  0x0000184e      0x2d2 CMakeFiles/TC_Energy_Metrics.dir/Middlewares/ST/STM32_USB_Device_Library/Class/CDC/Src/usbd_cdc.c.obj
 .debug_abbrev  0x00001b20      0x27c CMakeFiles/TC_Energy_Metrics.dir/Middlewares/ST/STM32_USB_Device_Library/Core/Src/usbd_core.c.obj
 .debug_abbrev  0x00001d9c      0x26f CMakeFiles/TC_Energy_Metrics.dir/Middlewares/ST/STM32_USB_Device_Library/Core/Src/usbd_ctlreq.c.obj
 .debug_abbrev  0x0000200b      0x19a CMakeFiles/TC_Energy_Metrics.dir/Middlewares/ST/STM32_USB_Device_Library/Core/Src/usbd_ioreq.c.obj
 .debug_abbrev  0x000021a5      0x195 CMakeFiles/TC_Energy_Metrics.dir/USB_DEVICE/App/usb_device.c.obj
 .debug_abbrev  0x0000233a      0x2b8 CMakeFiles/TC_Energy_Metrics.dir/USB_DEVICE/App/usbd_cdc_if.c.obj
 .debug_abbrev  0x000025f2      0x1e1 CMakeFiles/TC_Energy_Metrics.dir/USB_DEVICE/App/usbd_desc.c.obj
 .debug_abbrev  0x000027d3      0x33f CMakeFiles/TC_Energy_Metrics.dir/USB_DEVICE/Target/usbd_conf.c.obj

.debug_aranges  0x00000000      0xb80
 .debug_aranges
                0x00000000       0x48 CMakeFiles/TC_Energy_Metrics.dir/Core/Src/main.c.obj
 .debug_aranges
                0x00000048       0x20 CMakeFiles/TC_Energy_Metrics.dir/Core/Src/stm32f4xx_hal_msp.c.obj
 .debug_aranges
                0x00000068       0x68 CMakeFiles/TC_Energy_Metrics.dir/Core/Src/stm32f4xx_it.c.obj
 .debug_aranges
                0x000000d0       0x20 CMakeFiles/TC_Energy_Metrics.dir/Core/Src/sysmem.c.obj
 .debug_aranges
                0x000000f0       0x28 CMakeFiles/TC_Energy_Metrics.dir/Core/Src/system_stm32f4xx.c.obj
 .debug_aranges
                0x00000118       0x28 CMakeFiles/TC_Energy_Metrics.dir/Core/Startup/startup_stm32f411ceux.s.obj
 .debug_aranges
                0x00000140       0xf0 CMakeFiles/TC_Energy_Metrics.dir/Drivers/STM32F4xx_HAL_Driver/Src/stm32f4xx_hal.c.obj
 .debug_aranges
                0x00000230      0x130 CMakeFiles/TC_Energy_Metrics.dir/Drivers/STM32F4xx_HAL_Driver/Src/stm32f4xx_hal_cortex.c.obj
 .debug_aranges
                0x00000360       0x58 CMakeFiles/TC_Energy_Metrics.dir/Drivers/STM32F4xx_HAL_Driver/Src/stm32f4xx_hal_gpio.c.obj
 .debug_aranges
                0x000003b8      0x148 CMakeFiles/TC_Energy_Metrics.dir/Drivers/STM32F4xx_HAL_Driver/Src/stm32f4xx_hal_pcd.c.obj
 .debug_aranges
                0x00000500       0x38 CMakeFiles/TC_Energy_Metrics.dir/Drivers/STM32F4xx_HAL_Driver/Src/stm32f4xx_hal_pcd_ex.c.obj
 .debug_aranges
                0x00000538       0x88 CMakeFiles/TC_Energy_Metrics.dir/Drivers/STM32F4xx_HAL_Driver/Src/stm32f4xx_hal_rcc.c.obj
 .debug_aranges
                0x000005c0      0x1a0 CMakeFiles/TC_Energy_Metrics.dir/Drivers/STM32F4xx_HAL_Driver/Src/stm32f4xx_ll_usb.c.obj
 .debug_aranges
                0x00000760       0x90 CMakeFiles/TC_Energy_Metrics.dir/Middlewares/ST/STM32_USB_Device_Library/Class/CDC/Src/usbd_cdc.c.obj
 .debug_aranges
                0x000007f0       0xd8 CMakeFiles/TC_Energy_Metrics.dir/Middlewares/ST/STM32_USB_Device_Library/Core/Src/usbd_core.c.obj
 .debug_aranges
                0x000008c8       0x90 CMakeFiles/TC_Energy_Metrics.dir/Middlewares/ST/STM32_USB_Device_Library/Core/Src/usbd_ctlreq.c.obj
 .debug_aranges
                0x00000958       0x50 CMakeFiles/TC_Energy_Metrics.dir/Middlewares/ST/STM32_USB_Device_Library/Core/Src/usbd_ioreq.c.obj
 .debug_aranges
                0x000009a8       0x20 CMakeFiles/TC_Energy_Metrics.dir/USB_DEVICE/App/usb_device.c.obj
 .debug_aranges
                0x000009c8       0x48 CMakeFiles/TC_Energy_Metrics.dir/USB_DEVICE/App/usbd_cdc_if.c.obj
 .debug_aranges
                0x00000a10       0x60 CMakeFiles/TC_Energy_Metrics.dir/USB_DEVICE/App/usbd_desc.c.obj
 .debug_aranges
                0x00000a70      0x110 CMakeFiles/TC_Energy_Metrics.dir/USB_DEVICE/Target/usbd_conf.c.obj

.debug_rnglists
                0x00000000      0x874
 .debug_rnglists
                0x00000000       0x33 CMakeFiles/TC_Energy_Metrics.dir/Core/Src/main.c.obj
 .debug_rnglists
                0x00000033       0x13 CMakeFiles/TC_Energy_Metrics.dir/Core/Src/stm32f4xx_hal_msp.c.obj
 .debug_rnglists
                0x00000046       0x49 CMakeFiles/TC_Energy_Metrics.dir/Core/Src/stm32f4xx_it.c.obj
 .debug_rnglists
                0x0000008f       0x13 CMakeFiles/TC_Energy_Metrics.dir/Core/Src/sysmem.c.obj
 .debug_rnglists
                0x000000a2       0x1a CMakeFiles/TC_Energy_Metrics.dir/Core/Src/system_stm32f4xx.c.obj
 .debug_rnglists
                0x000000bc       0x19 CMakeFiles/TC_Energy_Metrics.dir/Core/Startup/startup_stm32f411ceux.s.obj
 .debug_rnglists
                0x000000d5       0xaf CMakeFiles/TC_Energy_Metrics.dir/Drivers/STM32F4xx_HAL_Driver/Src/stm32f4xx_hal.c.obj
 .debug_rnglists
                0x00000184       0xe0 CMakeFiles/TC_Energy_Metrics.dir/Drivers/STM32F4xx_HAL_Driver/Src/stm32f4xx_hal_cortex.c.obj
 .debug_rnglists
                0x00000264       0x3f CMakeFiles/TC_Energy_Metrics.dir/Drivers/STM32F4xx_HAL_Driver/Src/stm32f4xx_hal_gpio.c.obj
 .debug_rnglists
                0x000002a3       0xfa CMakeFiles/TC_Energy_Metrics.dir/Drivers/STM32F4xx_HAL_Driver/Src/stm32f4xx_hal_pcd.c.obj
 .debug_rnglists
                0x0000039d       0x26 CMakeFiles/TC_Energy_Metrics.dir/Drivers/STM32F4xx_HAL_Driver/Src/stm32f4xx_hal_pcd_ex.c.obj
 .debug_rnglists
                0x000003c3       0x66 CMakeFiles/TC_Energy_Metrics.dir/Drivers/STM32F4xx_HAL_Driver/Src/stm32f4xx_hal_rcc.c.obj
 .debug_rnglists
                0x00000429      0x147 CMakeFiles/TC_Energy_Metrics.dir/Drivers/STM32F4xx_HAL_Driver/Src/stm32f4xx_ll_usb.c.obj
 .debug_rnglists
                0x00000570       0x6c CMakeFiles/TC_Energy_Metrics.dir/Middlewares/ST/STM32_USB_Device_Library/Class/CDC/Src/usbd_cdc.c.obj
 .debug_rnglists
                0x000005dc       0xa1 CMakeFiles/TC_Energy_Metrics.dir/Middlewares/ST/STM32_USB_Device_Library/Core/Src/usbd_core.c.obj
 .debug_rnglists
                0x0000067d       0x6e CMakeFiles/TC_Energy_Metrics.dir/Middlewares/ST/STM32_USB_Device_Library/Core/Src/usbd_ctlreq.c.obj
 .debug_rnglists
                0x000006eb       0x37 CMakeFiles/TC_Energy_Metrics.dir/Middlewares/ST/STM32_USB_Device_Library/Core/Src/usbd_ioreq.c.obj
 .debug_rnglists
                0x00000722       0x13 CMakeFiles/TC_Energy_Metrics.dir/USB_DEVICE/App/usb_device.c.obj
 .debug_rnglists
                0x00000735       0x33 CMakeFiles/TC_Energy_Metrics.dir/USB_DEVICE/App/usbd_cdc_if.c.obj
 .debug_rnglists
                0x00000768       0x43 CMakeFiles/TC_Energy_Metrics.dir/USB_DEVICE/App/usbd_desc.c.obj
 .debug_rnglists
                0x000007ab       0xc9 CMakeFiles/TC_Energy_Metrics.dir/USB_DEVICE/Target/usbd_conf.c.obj

.debug_macro    0x00000000    0x17fad
 .debug_macro   0x00000000      0x392 CMakeFiles/TC_Energy_Metrics.dir/Core/Src/main.c.obj
 .debug_macro   0x00000392      0xad8 CMakeFiles/TC_Energy_Metrics.dir/Core/Src/main.c.obj
 .debug_macro   0x00000e6a      0x295 CMakeFiles/TC_Energy_Metrics.dir/Core/Src/main.c.obj
 .debug_macro   0x000010ff       0x2e CMakeFiles/TC_Energy_Metrics.dir/Core/Src/main.c.obj
 .debug_macro   0x0000112d       0x28 CMakeFiles/TC_Energy_Metrics.dir/Core/Src/main.c.obj
 .debug_macro   0x00001155       0x22 CMakeFiles/TC_Energy_Metrics.dir/Core/Src/main.c.obj
 .debug_macro   0x00001177       0x8e CMakeFiles/TC_Energy_Metrics.dir/Core/Src/main.c.obj
 .debug_macro   0x00001205       0x51 CMakeFiles/TC_Energy_Metrics.dir/Core/Src/main.c.obj
 .debug_macro   0x00001256      0x103 CMakeFiles/TC_Energy_Metrics.dir/Core/Src/main.c.obj
 .debug_macro   0x00001359       0x6a CMakeFiles/TC_Energy_Metrics.dir/Core/Src/main.c.obj
 .debug_macro   0x000013c3      0x1df CMakeFiles/TC_Energy_Metrics.dir/Core/Src/main.c.obj
 .debug_macro   0x000015a2       0x1c CMakeFiles/TC_Energy_Metrics.dir/Core/Src/main.c.obj
 .debug_macro   0x000015be       0x22 CMakeFiles/TC_Energy_Metrics.dir/Core/Src/main.c.obj